<html>
<body>
<pre>
<h1>µVision Build Log</h1>
<h2>Project:</h2>
D:\BS4X_IV_FWH\taobao_t1_fly_release\bs004_fly_source_code_v03\project\AnBT_Main_FWH.uvproj
Project File Date:  10/19/2014

<h2>Output:</h2>
Rebuild target 'BS004X_Fly_With_BL'
compiling stm32f10x_adc.c...
compiling stm32f10x_bkp.c...
compiling stm32f10x_can.c...
compiling stm32f10x_crc.c...
compiling stm32f10x_dac.c...
compiling stm32f10x_dbgmcu.c...
compiling stm32f10x_dma.c...
compiling stm32f10x_exti.c...
compiling stm32f10x_flash.c...
compiling stm32f10x_fsmc.c...
compiling stm32f10x_gpio.c...
compiling stm32f10x_i2c.c...
compiling stm32f10x_it.c...
compiling stm32f10x_iwdg.c...
compiling stm32f10x_lib.c...
compiling stm32f10x_nvic.c...
compiling stm32f10x_pwr.c...
compiling stm32f10x_rcc.c...
compiling stm32f10x_rtc.c...
compiling stm32f10x_sdio.c...
compiling stm32f10x_spi.c...
compiling stm32f10x_systick.c...
compiling stm32f10x_tim.c...
compiling stm32f10x_usart.c...
compiling stm32f10x_wwdg.c...
compiling etootle_adc.c...
compiling etootle_bluetooth.c...
compiling etootle_imu.c...
compiling etootle_led.c...
compiling etootle_motor.c...
compiling etootle_mpu6050.c...
compiling etootle_parameter.c...
compiling etootle_pid.c...
compiling etootle_sys.c...
compiling etootle_main.c...
compiling readme.c...
linking...
..\output\AnBT_Main_FWH.sct(7): error: L6236E: No section matches selector - no section to be FIRST/LAST.
"..\output\AnBT_Main_FWH.axf" - 1 Error(s), 0 Warning(s).
Build target 'BS004X_Fly_With_BL'
linking...
..\output\AnBT_Main_FWH.sct(7): error: L6236E: No section matches selector - no section to be FIRST/LAST.
"..\output\AnBT_Main_FWH.axf" - 1 Error(s), 0 Warning(s).
Clean started: Project: 'AnBT_Main_FWH'
   deleting intermediate output files for target 'BS004X_Fly_With_BL'
Rebuild target 'BS004X_Fly_With_BL'
compiling stm32f10x_adc.c...
compiling stm32f10x_bkp.c...
compiling stm32f10x_can.c...
compiling stm32f10x_crc.c...
compiling stm32f10x_dac.c...
compiling stm32f10x_dbgmcu.c...
compiling stm32f10x_dma.c...
compiling stm32f10x_exti.c...
compiling stm32f10x_flash.c...
compiling stm32f10x_fsmc.c...
compiling stm32f10x_gpio.c...
compiling stm32f10x_i2c.c...
compiling stm32f10x_it.c...
compiling stm32f10x_iwdg.c...
compiling stm32f10x_lib.c...
compiling stm32f10x_nvic.c...
compiling stm32f10x_pwr.c...
compiling stm32f10x_rcc.c...
compiling stm32f10x_rtc.c...
compiling stm32f10x_sdio.c...
compiling stm32f10x_spi.c...
compiling stm32f10x_systick.c...
compiling stm32f10x_tim.c...
compiling stm32f10x_usart.c...
compiling stm32f10x_wwdg.c...
compiling etootle_adc.c...
compiling etootle_bluetooth.c...
compiling etootle_imu.c...
compiling etootle_led.c...
compiling etootle_motor.c...
compiling etootle_mpu6050.c...
compiling etootle_parameter.c...
compiling etootle_pid.c...
compiling etootle_sys.c...
compiling etootle_main.c...
compiling readme.c...
linking...
..\output\AnBT_Main_FWH.sct(7): error: L6236E: No section matches selector - no section to be FIRST/LAST.
"..\output\AnBT_Main_FWH.axf" - 1 Error(s), 0 Warning(s).
Build target 'BS004X_Fly_With_BL'
compiling etootle_main.c...
linking...
..\output\AnBT_Main_FWH.sct(7): error: L6236E: No section matches selector - no section to be FIRST/LAST.
"..\output\AnBT_Main_FWH.axf" - 1 Error(s), 0 Warning(s).
Build target 'BS004X_Fly_With_BL'
linking...
..\output\AnBT_Main_FWH.sct(7): error: L6236E: No section matches selector - no section to be FIRST/LAST.
"..\output\AnBT_Main_FWH.axf" - 1 Error(s), 0 Warning(s).
Clean started: Project: 'AnBT_Main_FWH'
   deleting intermediate output files for target 'BS004X_Fly_With_BL'
Build target 'BS004X_Fly_With_BL'
compiling stm32f10x_adc.c...
compiling stm32f10x_bkp.c...
compiling stm32f10x_can.c...
compiling stm32f10x_crc.c...
compiling stm32f10x_dac.c...
compiling stm32f10x_dbgmcu.c...
compiling stm32f10x_dma.c...
compiling stm32f10x_exti.c...
compiling stm32f10x_flash.c...
compiling stm32f10x_fsmc.c...
compiling stm32f10x_gpio.c...
compiling stm32f10x_i2c.c...
compiling stm32f10x_it.c...
compiling stm32f10x_iwdg.c...
compiling stm32f10x_lib.c...
compiling stm32f10x_nvic.c...
compiling stm32f10x_pwr.c...
compiling stm32f10x_rcc.c...
compiling stm32f10x_rtc.c...
compiling stm32f10x_sdio.c...
compiling stm32f10x_spi.c...
compiling stm32f10x_systick.c...
compiling stm32f10x_tim.c...
compiling stm32f10x_usart.c...
compiling stm32f10x_wwdg.c...
compiling etootle_adc.c...
compiling etootle_bluetooth.c...
compiling etootle_imu.c...
compiling etootle_led.c...
compiling etootle_motor.c...
compiling etootle_mpu6050.c...
compiling etootle_parameter.c...
compiling etootle_pid.c...
compiling etootle_sys.c...
compiling etootle_main.c...
compiling readme.c...
linking...
..\output\AnBT_Main_FWH.sct(7): error: L6236E: No section matches selector - no section to be FIRST/LAST.
"..\output\AnBT_Main_FWH.axf" - 1 Error(s), 0 Warning(s).
Build target 'BS004X_Fly_With_BL'
assembling cortexm3_macro.s...
assembling stm32f10x_vector.s...
linking...
Program Size: Code=31814 RO-data=602 RW-data=416 ZI-data=17680  
FromELF: creating hex file...
User command #1: fromelf.exe --bin -o .\release\bs4x2014_bt_fly_t1.bin .\output\anbt_main_fwh.axf
".\output\anbt_main_fwh.axf": Error: Q0122E: Could not open file '.\output\anbt_main_fwh.axf': No such file or directory
Finished: 0 information, 0 warning and 1 error messages.
"..\output\AnBT_Main_FWH.axf" - 0 Error(s), 0 Warning(s).
Build target 'BS004X_Fly_With_BL'
linking...
Program Size: Code=31814 RO-data=602 RW-data=416 ZI-data=17680  
FromELF: creating hex file...
User command #1: fromelf.exe --bin -o .\release\bs4x2014_bt_fly_t1.bin .\output\anbt_main_fwh.axf
".\output\anbt_main_fwh.axf": Error: Q0122E: Could not open file '.\output\anbt_main_fwh.axf': No such file or directory
Finished: 0 information, 0 warning and 1 error messages.
"..\output\AnBT_Main_FWH.axf" - 0 Error(s), 0 Warning(s).
Build target 'BS004X_Fly_With_BL'
linking...
Program Size: Code=31814 RO-data=602 RW-data=416 ZI-data=17680  
FromELF: creating hex file...
User command #1: fromelf.exe --bin -o .\release\bs4x2014_bt_fly_t1.bin ..\output\anbt_main_fwh.axf
"..\output\AnBT_Main_FWH.axf" - 0 Error(s), 0 Warning(s).
Build target 'BS004X_Fly_With_BL'
linking...
Program Size: Code=31814 RO-data=602 RW-data=416 ZI-data=17680  
FromELF: creating hex file...
User command #1: fromelf.exe --bin -o .\release\bs4x2014_bt_fly_t1.bin ..\output\anbt_main_fwh.axf
"..\output\AnBT_Main_FWH.axf" - 0 Error(s), 0 Warning(s).
Clean started: Project: 'AnBT_Main_FWH'
   deleting intermediate output files for target 'BS004X_Fly_With_BL'
Build target 'BS004X_Fly_With_BL'
compiling stm32f10x_adc.c...
compiling stm32f10x_bkp.c...
compiling stm32f10x_can.c...
compiling stm32f10x_crc.c...
compiling stm32f10x_dac.c...
compiling stm32f10x_dbgmcu.c...
compiling stm32f10x_dma.c...
compiling stm32f10x_exti.c...
compiling stm32f10x_flash.c...
compiling stm32f10x_fsmc.c...
compiling stm32f10x_gpio.c...
compiling stm32f10x_i2c.c...
compiling stm32f10x_it.c...
compiling stm32f10x_iwdg.c...
compiling stm32f10x_lib.c...
compiling stm32f10x_nvic.c...
compiling stm32f10x_pwr.c...
compiling stm32f10x_rcc.c...
compiling stm32f10x_rtc.c...
compiling stm32f10x_sdio.c...
compiling stm32f10x_spi.c...
compiling stm32f10x_systick.c...
compiling stm32f10x_tim.c...
compiling stm32f10x_usart.c...
compiling stm32f10x_wwdg.c...
assembling cortexm3_macro.s...
assembling stm32f10x_vector.s...
compiling etootle_adc.c...
compiling etootle_bluetooth.c...
compiling etootle_imu.c...
compiling etootle_led.c...
compiling etootle_motor.c...
compiling etootle_mpu6050.c...
compiling etootle_parameter.c...
compiling etootle_pid.c...
compiling etootle_sys.c...
compiling etootle_main.c...
compiling readme.c...
linking...
Program Size: Code=31814 RO-data=602 RW-data=416 ZI-data=17680  
FromELF: creating hex file...
User command #1: fromelf.exe --bin -o .\release\bs4x2014_bt_fly_t1.bin ..\output\anbt_main_fwh.axf
"..\output\AnBT_Main_FWH.axf" - 0 Error(s), 0 Warning(s).
Build target 'BS004X_Fly_With_BL'
linking...
Program Size: Code=31814 RO-data=602 RW-data=416 ZI-data=17680  
FromELF: creating hex file...
User command #1: fromelf.exe --bin -o .\release\bs4x2014_bt_fly_t1.bin ..\output\anbt_main_fwh.axf
"..\output\AnBT_Main_FWH.axf" - 0 Error(s), 0 Warning(s).
Rebuild target 'BS004X_Fly_With_BL'
compiling stm32f10x_adc.c...
compiling stm32f10x_bkp.c...
compiling stm32f10x_can.c...
compiling stm32f10x_crc.c...
compiling stm32f10x_dac.c...
compiling stm32f10x_dbgmcu.c...
compiling stm32f10x_dma.c...
compiling stm32f10x_exti.c...
compiling stm32f10x_flash.c...
compiling stm32f10x_fsmc.c...
compiling stm32f10x_gpio.c...
compiling stm32f10x_i2c.c...
compiling stm32f10x_it.c...
compiling stm32f10x_iwdg.c...
compiling stm32f10x_lib.c...
compiling stm32f10x_nvic.c...
compiling stm32f10x_pwr.c...
compiling stm32f10x_rcc.c...
compiling stm32f10x_rtc.c...
compiling stm32f10x_sdio.c...
compiling stm32f10x_spi.c...
compiling stm32f10x_systick.c...
compiling stm32f10x_tim.c...
compiling stm32f10x_usart.c...
compiling stm32f10x_wwdg.c...
assembling cortexm3_macro.s...
assembling stm32f10x_vector.s...
compiling etootle_adc.c...
compiling etootle_bluetooth.c...
compiling etootle_imu.c...
compiling etootle_led.c...
compiling etootle_motor.c...
compiling etootle_mpu6050.c...
compiling etootle_parameter.c...
compiling etootle_pid.c...
compiling etootle_sys.c...
compiling etootle_main.c...
compiling readme.c...
linking...
Program Size: Code=31814 RO-data=602 RW-data=416 ZI-data=17680  
FromELF: creating hex file...
User command #1: fromelf.exe --bin -o .\release\bs4x2014_bt_fly_t1.bin ..\output\anbt_main_fwh.axf
"..\output\AnBT_Main_FWH.axf" - 0 Error(s), 0 Warning(s).
Build target 'BS004X_Fly_With_BL'
linking...
Program Size: Code=31814 RO-data=602 RW-data=416 ZI-data=17680  
FromELF: creating hex file...
User command #1: fromelf.exe --bin -o ..\release\bs4x2014_bt_fly_t1.bin ..\output\anbt_main_fwh.axf
"..\output\AnBT_Main_FWH.axf" - 0 Error(s), 0 Warning(s).
Rebuild target 'BS004X_Fly_With_BL'
compiling stm32f10x_adc.c...
compiling stm32f10x_bkp.c...
compiling stm32f10x_can.c...
compiling stm32f10x_crc.c...
compiling stm32f10x_dac.c...
compiling stm32f10x_dbgmcu.c...
compiling stm32f10x_dma.c...
compiling stm32f10x_exti.c...
compiling stm32f10x_flash.c...
compiling stm32f10x_fsmc.c...
compiling stm32f10x_gpio.c...
compiling stm32f10x_i2c.c...
compiling stm32f10x_it.c...
compiling stm32f10x_iwdg.c...
compiling stm32f10x_lib.c...
compiling stm32f10x_nvic.c...
compiling stm32f10x_pwr.c...
compiling stm32f10x_rcc.c...
compiling stm32f10x_rtc.c...
compiling stm32f10x_sdio.c...
compiling stm32f10x_spi.c...
compiling stm32f10x_systick.c...
compiling stm32f10x_tim.c...
compiling stm32f10x_usart.c...
compiling stm32f10x_wwdg.c...
assembling cortexm3_macro.s...
assembling stm32f10x_vector.s...
compiling etootle_adc.c...
compiling etootle_bluetooth.c...
compiling etootle_imu.c...
compiling etootle_led.c...
compiling etootle_motor.c...
compiling etootle_mpu6050.c...
compiling etootle_parameter.c...
compiling etootle_pid.c...
compiling etootle_sys.c...
compiling etootle_main.c...
compiling readme.c...
linking...
Program Size: Code=31814 RO-data=602 RW-data=416 ZI-data=17680  
FromELF: creating hex file...
User command #1: fromelf.exe --bin -o ..\release\bs4x2014_bt_fly_t1.bin ..\output\anbt_main_fwh.axf
"..\output\AnBT_Main_FWH.axf" - 0 Error(s), 0 Warning(s).
Build target 'BS004X_Fly_With_BL'
linking...
Program Size: Code=31814 RO-data=602 RW-data=416 ZI-data=17680  
FromELF: creating hex file...
User command #1: fromelf.exe --bin -o ..\release\bs4x2014_bt_fly_t1.bin ..\output\anbt_main_fwh.axf
"..\output\AnBT_Main_FWH.axf" - 0 Error(s), 0 Warning(s).
Build target 'BS004X_Fly_With_BL'
compiling etootle_main.c...
..\etootle_user\etootle_main.c(96): error:  #20: identifier "bs004_gyro_to_rad_scale" is undefined
..\etootle_user\etootle_main.c(98): error:  #20: identifier "bs004_mpu6050_gyro_angel_pitch_ave" is undefined
..\etootle_user\etootle_main.c(99): error:  #20: identifier "bs004_mpu6050_gyro_angel_roll_ave" is undefined
..\etootle_user\etootle_main.c(100): error:  #20: identifier "bs004_mpu6050_gyro_angel_yaw_ave" is undefined
..\etootle_user\etootle_main.c(102): error:  #20: identifier "bs004_mpu6050_acc_angel_roll_ave" is undefined
..\etootle_user\etootle_main.c(103): error:  #20: identifier "bs004_mpu6050_acc_angel_pitch_ave" is undefined
..\etootle_user\etootle_main.c(104): error:  #20: identifier "bs004_mpu6050_acc_angel_yaw_ave" is undefined
compiling etootle_imu.c...
Target not created
Build target 'BS004X_Fly_With_BL'
compiling etootle_main.c...
..\etootle_user\etootle_main.c(96): error:  #20: identifier "bs004_gyro_to_rad_scale" is undefined
..\etootle_user\etootle_main.c(98): error:  #20: identifier "bs004_mpu6050_gyro_angel_pitch_ave" is undefined
..\etootle_user\etootle_main.c(99): error:  #20: identifier "bs004_mpu6050_gyro_angel_roll_ave" is undefined
..\etootle_user\etootle_main.c(100): error:  #20: identifier "bs004_mpu6050_gyro_angel_yaw_ave" is undefined
..\etootle_user\etootle_main.c(102): error:  #20: identifier "bs004_mpu6050_acc_angel_roll_ave" is undefined
..\etootle_user\etootle_main.c(103): error:  #20: identifier "bs004_mpu6050_acc_angel_pitch_ave" is undefined
..\etootle_user\etootle_main.c(104): error:  #20: identifier "bs004_mpu6050_acc_angel_yaw_ave" is undefined
Target not created
Build target 'BS004X_Fly_With_BL'
compiling etootle_main.c...
..\etootle_user\etootle_main.c(96): error:  #20: identifier "bs004_gyro_to_rad_scale" is undefined
Target not created
Build target 'BS004X_Fly_With_BL'
compiling etootle_main.c...
linking...
Program Size: Code=31818 RO-data=598 RW-data=416 ZI-data=17680  
FromELF: creating hex file...
User command #1: fromelf.exe --bin -o ..\release\bs4x2014_bt_fly_t1.bin ..\output\anbt_main_fwh.axf
"..\output\AnBT_Main_FWH.axf" - 0 Error(s), 0 Warning(s).
Build target 'BS004X_Fly_With_BL'
linking...
Program Size: Code=31818 RO-data=598 RW-data=416 ZI-data=17680  
FromELF: creating hex file...
User command #1: fromelf.exe --bin -o ..\release\bs4x2014_bt_fly_t1.bin ..\output\anbt_main_fwh.axf
"..\output\AnBT_Main_FWH.axf" - 0 Error(s), 0 Warning(s).
Build target 'BS004X_Fly_With_BL'
compiling etootle_main.c...
..\etootle_user\etootle_main.c(116): error:  #20: identifier "bs004_imu_pitch" is undefined
..\etootle_user\etootle_main.c(117): error:  #20: identifier "bs004_imu_roll" is undefined
..\etootle_user\etootle_main.c(118): error:  #20: identifier "bs004_imu_yaw" is undefined
compiling etootle_bluetooth.c...
compiling etootle_imu.c...
compiling etootle_mpu6050.c...
compiling etootle_parameter.c...
compiling etootle_sys.c...
..\etootle_lib\etootle_sys.c(162): warning:  #223-D: function "ANBT_SEND_DMP_EULER_DATA" declared implicitly
compiling stm32f10x_it.c...
Target not created
Build target 'BS004X_Fly_With_BL'
compiling etootle_main.c...
linking...
Program Size: Code=31830 RO-data=602 RW-data=416 ZI-data=17680  
FromELF: creating hex file...
User command #1: fromelf.exe --bin -o ..\release\bs4x2014_bt_fly_t1.bin ..\output\anbt_main_fwh.axf
"..\output\AnBT_Main_FWH.axf" - 0 Error(s), 0 Warning(s).
Build target 'BS004X_Fly_With_BL'
compiling etootle_main.c...
linking...
Program Size: Code=31830 RO-data=602 RW-data=416 ZI-data=17680  
FromELF: creating hex file...
User command #1: fromelf.exe --bin -o ..\release\bs4x2014_bt_fly_t1.bin ..\output\anbt_main_fwh.axf
"..\output\AnBT_Main_FWH.axf" - 0 Error(s), 0 Warning(s).
Build target 'BS004X_Fly_With_BL'
compiling etootle_main.c...
..\etootle_user\etootle_main.c(124): error:  #20: identifier "BS004_Ctrl_Gas_Noise" is undefined
..\etootle_user\etootle_main.c(124): error:  #20: identifier "bs004_fly_gas" is undefined
..\etootle_user\etootle_main.c(126): error:  #20: identifier "BS004_Ctrl_Dir_Noise" is undefined
..\etootle_user\etootle_main.c(126): error:  #20: identifier "bs004_fly_pitch" is undefined
..\etootle_user\etootle_main.c(128): error:  #20: identifier "bs004_fly_roll" is undefined
..\etootle_user\etootle_main.c(130): error:  #20: identifier "bs004_fly_yaw" is undefined
..\etootle_user\etootle_main.c(137): error:  #20: identifier "bs004_fly_gas" is undefined
compiling etootle_bluetooth.c...
Target not created
Build target 'BS004X_Fly_With_BL'
compiling etootle_main.c...
..\etootle_user\etootle_main.c(124): error:  #20: identifier "BS004_Ctrl_Gas_Noise" is undefined
..\etootle_user\etootle_main.c(126): error:  #20: identifier "BS004_Ctrl_Dir_Noise" is undefined
Target not created
Build target 'BS004X_Fly_With_BL'
compiling etootle_main.c...
..\etootle_user\etootle_main.c(126): error:  #20: identifier "BS004_Ctrl_Dir_Noise" is undefined
Target not created
Build target 'BS004X_Fly_With_BL'
compiling etootle_main.c...
linking...
Program Size: Code=31830 RO-data=602 RW-data=416 ZI-data=17680  
FromELF: creating hex file...
User command #1: fromelf.exe --bin -o ..\release\bs4x2014_bt_fly_t1.bin ..\output\anbt_main_fwh.axf
"..\output\AnBT_Main_FWH.axf" - 0 Error(s), 0 Warning(s).
Build target 'BS004X_Fly_With_BL'
linking...
Program Size: Code=31830 RO-data=602 RW-data=416 ZI-data=17680  
FromELF: creating hex file...
User command #1: fromelf.exe --bin -o ..\release\bs4x2014_bt_fly_t1.bin ..\output\anbt_main_fwh.axf
"..\output\AnBT_Main_FWH.axf" - 0 Error(s), 0 Warning(s).
Build target 'BS004X_Fly_With_BL'
compiling etootle_main.c...
..\etootle_user\etootle_main.c(142): error:  #20: identifier "bs004_fly_m1_out" is undefined
..\etootle_user\etootle_main.c(142): error:  #20: identifier "bs004_fly_m1" is undefined
..\etootle_user\etootle_main.c(143): error:  #20: identifier "bs004_fly_m2_out" is undefined
..\etootle_user\etootle_main.c(143): error:  #20: identifier "bs004_fly_m2" is undefined
..\etootle_user\etootle_main.c(144): error:  #20: identifier "bs004_fly_m3_out" is undefined
..\etootle_user\etootle_main.c(144): error:  #20: identifier "bs004_fly_m3" is undefined
..\etootle_user\etootle_main.c(145): error:  #20: identifier "bs004_fly_m4_out" is undefined
..\etootle_user\etootle_main.c(145): error:  #20: identifier "bs004_fly_m4" is undefined
compiling etootle_motor.c...
Target not created
Build target 'BS004X_Fly_With_BL'
compiling etootle_main.c...
..\etootle_user\etootle_main.c(142): error:  #20: identifier "bs004_fly_m1_out" is undefined
..\etootle_user\etootle_main.c(142): error:  #20: identifier "bs004_fly_m1" is undefined
..\etootle_user\etootle_main.c(143): error:  #20: identifier "bs004_fly_m2_out" is undefined
..\etootle_user\etootle_main.c(143): error:  #20: identifier "bs004_fly_m2" is undefined
..\etootle_user\etootle_main.c(144): error:  #20: identifier "bs004_fly_m3_out" is undefined
..\etootle_user\etootle_main.c(144): error:  #20: identifier "bs004_fly_m3" is undefined
..\etootle_user\etootle_main.c(145): error:  #20: identifier "bs004_fly_m4_out" is undefined
..\etootle_user\etootle_main.c(145): error:  #20: identifier "bs004_fly_m4" is undefined
Target not created
Build target 'BS004X_Fly_With_BL'
compiling etootle_main.c...
..\etootle_user\etootle_main.c(142): error:  #20: identifier "bs004_fly_m1_out" is undefined
..\etootle_user\etootle_main.c(143): error:  #20: identifier "bs004_fly_m2_out" is undefined
..\etootle_user\etootle_main.c(144): error:  #20: identifier "bs004_fly_m3_out" is undefined
..\etootle_user\etootle_main.c(145): error:  #20: identifier "bs004_fly_m4_out" is undefined
Target not created
Build target 'BS004X_Fly_With_BL'
compiling etootle_main.c...
linking...
..\output\AnBT_Main_FWH.axf: Error: L6200E: Symbol bs004_fly_m1_out multiply defined (by etootle_motor.o and etootle_main.o).
..\output\AnBT_Main_FWH.axf: Error: L6200E: Symbol bs004_fly_m2_out multiply defined (by etootle_motor.o and etootle_main.o).
..\output\AnBT_Main_FWH.axf: Error: L6200E: Symbol bs004_fly_m3_out multiply defined (by etootle_motor.o and etootle_main.o).
..\output\AnBT_Main_FWH.axf: Error: L6200E: Symbol bs004_fly_m4_out multiply defined (by etootle_motor.o and etootle_main.o).
Target not created
Build target 'BS004X_Fly_With_BL'
compiling etootle_main.c...
linking...
Program Size: Code=31850 RO-data=598 RW-data=416 ZI-data=17680  
FromELF: creating hex file...
User command #1: fromelf.exe --bin -o ..\release\bs4x2014_bt_fly_t1.bin ..\output\anbt_main_fwh.axf
"..\output\AnBT_Main_FWH.axf" - 0 Error(s), 0 Warning(s).
Build target 'BS004X_Fly_With_BL'
linking...
Program Size: Code=31850 RO-data=598 RW-data=416 ZI-data=17680  
FromELF: creating hex file...
User command #1: fromelf.exe --bin -o ..\release\bs4x2014_bt_fly_t1.bin ..\output\anbt_main_fwh.axf
"..\output\AnBT_Main_FWH.axf" - 0 Error(s), 0 Warning(s).
Build target 'BS004X_Fly_With_BL'
compiling etootle_main.c...
compiling etootle_bluetooth.c...
compiling etootle_motor.c...
compiling etootle_mpu6050.c...
compiling etootle_parameter.c...
compiling etootle_sys.c...
..\etootle_lib\etootle_sys.c(162): warning:  #223-D: function "ANBT_SEND_DMP_EULER_DATA" declared implicitly
compiling stm32f10x_it.c...
linking...
Program Size: Code=31850 RO-data=598 RW-data=416 ZI-data=17680  
FromELF: creating hex file...
User command #1: fromelf.exe --bin -o ..\release\bs4x2014_bt_fly_t1.bin ..\output\anbt_main_fwh.axf
"..\output\AnBT_Main_FWH.axf" - 0 Error(s), 1 Warning(s).
Build target 'BS004X_Fly_With_BL'
compiling etootle_sys.c...
linking...
Program Size: Code=31850 RO-data=598 RW-data=416 ZI-data=17680  
FromELF: creating hex file...
User command #1: fromelf.exe --bin -o ..\release\bs4x2014_bt_fly_t1.bin ..\output\anbt_main_fwh.axf
"..\output\AnBT_Main_FWH.axf" - 0 Error(s), 0 Warning(s).
Clean started: Project: 'AnBT_Main_FWH'
   deleting intermediate output files for target 'BS004X_Fly_With_BL'
Rebuild target 'BS004X_Fly_With_BL'
compiling etootle_main.c...
compiling etootle_adc.c...
compiling etootle_bluetooth.c...
compiling etootle_imu.c...
compiling etootle_led.c...
compiling etootle_motor.c...
compiling etootle_mpu6050.c...
compiling etootle_parameter.c...
compiling etootle_pid.c...
compiling etootle_sys.c...
compiling stm32f10x_adc.c...
compiling stm32f10x_bkp.c...
compiling stm32f10x_can.c...
compiling stm32f10x_crc.c...
compiling stm32f10x_dac.c...
compiling stm32f10x_dbgmcu.c...
compiling stm32f10x_dma.c...
compiling stm32f10x_exti.c...
compiling stm32f10x_flash.c...
compiling stm32f10x_fsmc.c...
compiling stm32f10x_gpio.c...
compiling stm32f10x_i2c.c...
compiling stm32f10x_it.c...
compiling stm32f10x_iwdg.c...
compiling stm32f10x_lib.c...
compiling stm32f10x_nvic.c...
compiling stm32f10x_pwr.c...
compiling stm32f10x_rcc.c...
compiling stm32f10x_rtc.c...
compiling stm32f10x_sdio.c...
compiling stm32f10x_spi.c...
compiling stm32f10x_systick.c...
compiling stm32f10x_tim.c...
compiling stm32f10x_usart.c...
compiling stm32f10x_wwdg.c...
assembling cortexm3_macro.s...
assembling stm32f10x_vector.s...
compiling readme.c...
linking...
Program Size: Code=31850 RO-data=598 RW-data=416 ZI-data=17680  
FromELF: creating hex file...
User command #1: fromelf.exe --bin -o ..\release\bs4x2014_bt_fly_t1.bin ..\output\anbt_main_fwh.axf
"..\output\AnBT_Main_FWH.axf" - 0 Error(s), 0 Warning(s).
Rebuild target 'BS004X_Fly_With_BL'
compiling etootle_main.c...
compiling etootle_adc.c...
compiling etootle_bluetooth.c...
compiling etootle_imu.c...
compiling etootle_led.c...
compiling etootle_motor.c...
compiling etootle_mpu6050.c...
compiling etootle_parameter.c...
compiling etootle_pid.c...
compiling etootle_sys.c...
compiling stm32f10x_adc.c...
compiling stm32f10x_bkp.c...
compiling stm32f10x_can.c...
compiling stm32f10x_crc.c...
compiling stm32f10x_dac.c...
compiling stm32f10x_dbgmcu.c...
compiling stm32f10x_dma.c...
compiling stm32f10x_exti.c...
compiling stm32f10x_flash.c...
compiling stm32f10x_fsmc.c...
compiling stm32f10x_gpio.c...
compiling stm32f10x_i2c.c...
compiling stm32f10x_it.c...
compiling stm32f10x_iwdg.c...
compiling stm32f10x_lib.c...
compiling stm32f10x_nvic.c...
compiling stm32f10x_pwr.c...
compiling stm32f10x_rcc.c...
compiling stm32f10x_rtc.c...
compiling stm32f10x_sdio.c...
compiling stm32f10x_spi.c...
compiling stm32f10x_systick.c...
compiling stm32f10x_tim.c...
compiling stm32f10x_usart.c...
compiling stm32f10x_wwdg.c...
assembling cortexm3_macro.s...
assembling stm32f10x_vector.s...
compiling readme.c...
linking...
Program Size: Code=31850 RO-data=598 RW-data=416 ZI-data=17680  
FromELF: creating hex file...
User command #1: fromelf.exe --bin -o ..\release\bs4x2014_bt_fly_t1.bin ..\output\anbt_main_fwh.axf
"..\output\AnBT_Main_FWH.axf" - 0 Error(s), 0 Warning(s).
Clean started: Project: 'AnBT_Main_FWH'
   deleting intermediate output files for target 'BS004X_Fly_With_BL'
Rebuild target 'BS004X_Fly_With_BL'
compiling etootle_main.c...
compiling etootle_adc.c...
compiling etootle_bluetooth.c...
compiling etootle_imu.c...
compiling etootle_led.c...
compiling etootle_motor.c...
compiling etootle_mpu6050.c...
compiling etootle_parameter.c...
compiling etootle_pid.c...
compiling etootle_sys.c...
compiling stm32f10x_adc.c...
compiling stm32f10x_bkp.c...
compiling stm32f10x_can.c...
compiling stm32f10x_crc.c...
compiling stm32f10x_dac.c...
compiling stm32f10x_dbgmcu.c...
compiling stm32f10x_dma.c...
compiling stm32f10x_exti.c...
compiling stm32f10x_flash.c...
compiling stm32f10x_fsmc.c...
compiling stm32f10x_gpio.c...
compiling stm32f10x_i2c.c...
compiling stm32f10x_it.c...
compiling stm32f10x_iwdg.c...
compiling stm32f10x_lib.c...
compiling stm32f10x_nvic.c...
compiling stm32f10x_pwr.c...
compiling stm32f10x_rcc.c...
compiling stm32f10x_rtc.c...
compiling stm32f10x_sdio.c...
compiling stm32f10x_spi.c...
compiling stm32f10x_systick.c...
compiling stm32f10x_tim.c...
compiling stm32f10x_usart.c...
compiling stm32f10x_wwdg.c...
assembling cortexm3_macro.s...
assembling stm32f10x_vector.s...
compiling readme.c...
linking...
Program Size: Code=31850 RO-data=598 RW-data=416 ZI-data=17680  
FromELF: creating hex file...
User command #1: fromelf.exe --bin -o ..\release\bs4x2014_bt_fly_t1.bin ..\output\anbt_main_fwh.axf
"..\output\AnBT_Main_FWH.axf" - 0 Error(s), 0 Warning(s).
Clean started: Project: 'AnBT_Main_FWH'
   deleting intermediate output files for target 'BS004X_Fly_With_BL'
