Component: ARM Compiler 5.05 (build 41) Tool: armlink [4d0eb9]

==============================================================================

Section Cross References

    etootle_main.o(.text) refers to fmul.o(x$fpl$fmul) for __aeabi_fmul
    etootle_main.o(.text) refers to fdiv.o(x$fpl$fdiv) for __aeabi_fdiv
    etootle_main.o(.text) refers to etootle_imu.o(.text) for BS004_IMU_Update
    etootle_main.o(.text) refers to etootle_motor.o(.text) for BS004_Motor_Speed_Scale
    etootle_main.o(.text) refers to stm32f10x_tim.o(.text) for TIM_SetCompare4
    etootle_main.o(.text) refers to etootle_bluetooth.o(.text) for BS004_COM1_Communication
    etootle_main.o(.text) refers to dflt_clz.o(x$fpl$dflt) for __aeabi_i2d
    etootle_main.o(.text) refers to drleqf.o(x$fpl$drleqf) for __aeabi_cdrcmple
    etootle_main.o(.text) refers to etootle_sys.o(.text) for BS004_RCC_Configuration
    etootle_main.o(.text) refers to etootle_led.o(.text) for BS004_LED_GPIO_Configuration
    etootle_main.o(.text) refers to etootle_adc.o(.text) for BS004_ADC_Configuration
    etootle_main.o(.text) refers to etootle_mpu6050.o(.text) for BS004_MPU6050_Init
    etootle_main.o(.text) refers to etootle_parameter.o(.text) for BS004_Load_Fly_Parameter
    etootle_main.o(.text) refers to etootle_pid.o(.text) for BS004_PID_Control
    etootle_main.o(.text) refers to fleqf.o(x$fpl$fleqf) for __aeabi_cfcmple
    etootle_main.o(.text) refers to faddsub_clz.o(x$fpl$fadd) for __aeabi_fadd
    etootle_main.o(.text) refers to ffixu.o(x$fpl$ffixu) for __aeabi_f2uiz
    etootle_main.o(.text) refers to stm32f10x_usart.o(.text) for USART_GetFlagStatus
    etootle_main.o(.text) refers to etootle_imu.o(.data) for bs004_mpu6050_gyro_scale
    etootle_main.o(.text) refers to etootle_mpu6050.o(.data) for bs004_mpu6050_gyro_angel_pitch_ave
    etootle_main.o(.text) refers to etootle_pid.o(.data) for bs004_fly_m1
    etootle_main.o(.text) refers to etootle_motor.o(.data) for bs004_fly_m1_out
    etootle_main.o(.text) refers to etootle_bluetooth.o(.data) for bs004_com_command_ops
    etootle_main.o(.text) refers to etootle_main.o(.data) for system_timer_1ms_event
    etootle_adc.o(.text) refers to stm32f10x_dma.o(.text) for DMA_DeInit
    etootle_adc.o(.text) refers to stm32f10x_rcc.o(.text) for RCC_ADCCLKConfig
    etootle_adc.o(.text) refers to stm32f10x_adc.o(.text) for ADC_Init
    etootle_adc.o(.text) refers to stm32f10x_gpio.o(.text) for GPIO_Init
    etootle_adc.o(.text) refers to etootle_bluetooth.o(.text) for BS004_COM1_Send_Str_Head
    etootle_adc.o(.text) refers to fflt_clz.o(x$fpl$ffltu) for __aeabi_ui2f
    etootle_adc.o(.text) refers to fdiv.o(x$fpl$fdiv) for __aeabi_fdiv
    etootle_adc.o(.text) refers to fmul.o(x$fpl$fmul) for __aeabi_fmul
    etootle_adc.o(.text) refers to ffixu.o(x$fpl$ffixu) for __aeabi_f2uiz
    etootle_adc.o(.text) refers to etootle_adc.o(.data) for BS004_ADC_Tab
    etootle_adc.o(.text) refers to etootle_bluetooth.o(.data) for bs004_bat_value
    etootle_bluetooth.o(.text) refers to stm32f10x_usart.o(.text) for USART_ReceiveData
    etootle_bluetooth.o(.text) refers to etootle_bluetooth.o(.data) for com_receive_str_index
    etootle_bluetooth.o(.text) refers to etootle_bluetooth.o(.bss) for com_receive_str_buf
    etootle_bluetooth.o(.text) refers to etootle_sys.o(.text) for BS004_Long_Delay
    etootle_bluetooth.o(.text) refers to dflt_clz.o(x$fpl$dflt) for __aeabi_i2d
    etootle_bluetooth.o(.text) refers to dfixu.o(x$fpl$dfixu) for __aeabi_d2uiz
    etootle_bluetooth.o(.text) refers to etootle_adc.o(.text) for BS004_ADC_Get_ADC_Value
    etootle_bluetooth.o(.text) refers to etootle_led.o(.text) for BS004_MOTOR_LED_ON
    etootle_bluetooth.o(.text) refers to etootle_motor.o(.text) for BS004_Motor_Power_On
    etootle_bluetooth.o(.text) refers to etootle_mpu6050.o(.data) for bs004_mpu6050_acc_roll_cal
    etootle_bluetooth.o(.text) refers to stm32f10x_nvic.o(.text) for NVIC_SETFAULTMASK
    etootle_bluetooth.o(.text) refers to stm32f10x_rcc.o(.text) for RCC_APB2PeriphClockCmd
    etootle_bluetooth.o(.text) refers to stm32f10x_gpio.o(.text) for GPIO_Init
    etootle_imu.o(.text) refers to fmul.o(x$fpl$fmul) for __aeabi_fmul
    etootle_imu.o(.text) refers to faddsub_clz.o(x$fpl$fadd) for __aeabi_fadd
    etootle_imu.o(.text) refers to f2d.o(x$fpl$f2d) for __aeabi_f2d
    etootle_imu.o(.text) refers to sqrt.o(i.sqrt) for sqrt
    etootle_imu.o(.text) refers to d2f.o(x$fpl$d2f) for __aeabi_d2f
    etootle_imu.o(.text) refers to feqf.o(x$fpl$feqf) for __aeabi_cfcmpeq
    etootle_imu.o(.text) refers to fdiv.o(x$fpl$fdiv) for __aeabi_fdiv
    etootle_imu.o(.text) refers to faddsub_clz.o(x$fpl$fsub) for __aeabi_fsub
    etootle_imu.o(.text) refers to etootle_imu.o(.data) for q0
    etootle_imu.o(.text) refers to asin.o(i.asin) for asin
    etootle_imu.o(.text) refers to dmul.o(x$fpl$dmul) for __aeabi_dmul
    etootle_imu.o(.text) refers to atan2.o(i.atan2) for atan2
[...]
    .bss                                     0x20000250   Section       96  libspace.o(.bss)
    HEAP                                     0x200002b0   Section     1024  stm32f10x_vector.o(HEAP)
    Heap_Mem                                 0x200002b0   Data        1024  stm32f10x_vector.o(HEAP)
    STACK                                    0x200006b0   Section    16384  stm32f10x_vector.o(STACK)
    Stack_Mem                                0x200006b0   Data       16384  stm32f10x_vector.o(STACK)
    __initial_sp                             0x200046b0   Data           0  stm32f10x_vector.o(STACK)

    Global Symbols

    Symbol Name                              Value     Ov Type        Size  Object(Section)

    BuildAttributes$$THM_ISAv4$P$D$K$B$S$PE$A:L22UL41UL21$X:L11$S22US41US21$IEEE1$IW$USESV6$~STKCKD$USESV7$~SHL$OTIME$ROPI$IEEEX$EBA8$UX$STANDARDLIB$REQ8$PRES8$EABIv2 0x00000000   Number         0  anon$$obj.o ABSOLUTE
    __ARM_use_no_argv                        0x00000000   Number         0  etootle_main.o ABSOLUTE
    __ARM_exceptions_init                     - Undefined Weak Reference
    __alloca_initialize                       - Undefined Weak Reference
    __arm_preinit_                            - Undefined Weak Reference
    __cpp_initialize__aeabi_                  - Undefined Weak Reference
    __cxa_finalize                            - Undefined Weak Reference
    __rt_locale                               - Undefined Weak Reference
    __sigvec_lookup                           - Undefined Weak Reference
    _atexit_init                              - Undefined Weak Reference
    _call_atexit_fns                          - Undefined Weak Reference
    _clock_init                               - Undefined Weak Reference
    _fp_trap_init                             - Undefined Weak Reference
    _fp_trap_shutdown                         - Undefined Weak Reference
    _get_lc_collate                           - Undefined Weak Reference
    _get_lc_ctype                             - Undefined Weak Reference
    _get_lc_monetary                          - Undefined Weak Reference
    _get_lc_numeric                           - Undefined Weak Reference
    _get_lc_time                              - Undefined Weak Reference
    _getenv_init                              - Undefined Weak Reference
    _handle_redirection                       - Undefined Weak Reference
    _init_alloc                               - Undefined Weak Reference
    _init_user_alloc                          - Undefined Weak Reference
    _initio                                   - Undefined Weak Reference
    _rand_init                                - Undefined Weak Reference
    _signal_finish                            - Undefined Weak Reference
    _signal_init                              - Undefined Weak Reference
    _terminate_alloc                          - Undefined Weak Reference
    _terminate_user_alloc                     - Undefined Weak Reference
    _terminateio                              - Undefined Weak Reference
    __Vectors                                0x08008000   Data           4  stm32f10x_vector.o(RESET)
    __main                                   0x08008131   Thumb Code     8  __main.o(!!!main)
    __scatterload                            0x08008139   Thumb Code     0  __scatter.o(!!!scatter)
    __scatterload_rt2                        0x08008139   Thumb Code    44  __scatter.o(!!!scatter)
    __scatterload_rt2_thumb_only             0x08008139   Thumb Code     0  __scatter.o(!!!scatter)
    __scatterload_null                       0x08008147   Thumb Code     0  __scatter.o(!!!scatter)
    __decompress                             0x0800816d   Thumb Code    58  __dczerorl.o(!!dczerorl)
    __decompress0                            0x0800816d   Thumb Code     0  __dczerorl.o(!!dczerorl)
    __scatterload_zeroinit                   0x080081a9   Thumb Code    28  __scatter_zi.o(!!handler_zi)
    __rt_lib_init                            0x080081c5   Thumb Code     0  libinit.o(.ARM.Collect$$libinit$$00000000)
    __rt_lib_init_alloca_1                   0x080081c7   Thumb Code     0  libinit2.o(.ARM.Collect$$libinit$$0000002E)
    __rt_lib_init_argv_1                     0x080081c7   Thumb Code     0  libinit2.o(.ARM.Collect$$libinit$$0000002C)
    __rt_lib_init_atexit_1                   0x080081c7   Thumb Code     0  libinit2.o(.ARM.Collect$$libinit$$0000001B)
    __rt_lib_init_clock_1                    0x080081c7   Thumb Code     0  libinit2.o(.ARM.Collect$$libinit$$00000021)
    __rt_lib_init_cpp_1                      0x080081c7   Thumb Code     0  libinit2.o(.ARM.Collect$$libinit$$00000032)
    __rt_lib_init_exceptions_1               0x080081c7   Thumb Code     0  libinit2.o(.ARM.Collect$$libinit$$00000030)
    __rt_lib_init_fp_1                       0x080081c7   Thumb Code     0  libinit2.o(.ARM.Collect$$libinit$$00000002)
    __rt_lib_init_fp_trap_1                  0x080081c7   Thumb Code     0  libinit2.o(.ARM.Collect$$libinit$$0000001F)
    __rt_lib_init_getenv_1                   0x080081c7   Thumb Code     0  libinit2.o(.ARM.Collect$$libinit$$00000023)
    __rt_lib_init_heap_1                     0x080081c7   Thumb Code     0  libinit2.o(.ARM.Collect$$libinit$$0000000A)
    __rt_lib_init_lc_collate_1               0x080081c7   Thumb Code     0  libinit2.o(.ARM.Collect$$libinit$$00000011)
    __rt_lib_init_lc_ctype_1                 0x080081c7   Thumb Code     0  libinit2.o(.ARM.Collect$$libinit$$00000013)
    __rt_lib_init_lc_monetary_1              0x080081c7   Thumb Code     0  libinit2.o(.ARM.Collect$$libinit$$00000015)
    __rt_lib_init_lc_numeric_1               0x080081c7   Thumb Code     0  libinit2.o(.ARM.Collect$$libinit$$00000017)
    __rt_lib_init_lc_time_1                  0x080081c7   Thumb Code     0  libinit2.o(.ARM.Collect$$libinit$$00000019)
    __rt_lib_init_preinit_1                  0x080081c7   Thumb Code     0  libinit2.o(.ARM.Collect$$libinit$$00000004)
    __rt_lib_init_rand_1                     0x080081c7   Thumb Code     0  libinit2.o(.ARM.Collect$$libinit$$0000000E)
    __rt_lib_init_return                     0x080081c7   Thumb Code     0  libinit2.o(.ARM.Collect$$libinit$$00000033)
    __rt_lib_init_signal_1                   0x080081c7   Thumb Code     0  libinit2.o(.ARM.Collect$$libinit$$0000001D)
    __rt_lib_init_stdio_1                    0x080081c7   Thumb Code     0  libinit2.o(.ARM.Collect$$libinit$$00000025)
    __rt_lib_init_user_alloc_1               0x080081c7   Thumb Code     0  libinit2.o(.ARM.Collect$$libinit$$0000000C)
    __rt_lib_shutdown                        0x080081c9   Thumb Code     0  libshutdown.o(.ARM.Collect$$libshutdown$$00000000)
    __rt_lib_shutdown_fp_trap_1              0x080081cb   Thumb Code     0  libshutdown2.o(.ARM.Collect$$libshutdown$$00000006)
    __rt_lib_shutdown_heap_1                 0x080081cb   Thumb Code     0  libshutdown2.o(.ARM.Collect$$libshutdown$$0000000E)
    __rt_lib_shutdown_return                 0x080081cb   Thumb Code     0  libshutdown2.o(.ARM.Collect$$libshutdown$$0000000F)
    __rt_lib_shutdown_signal_1               0x080081cb   Thumb Code     0  libshutdown2.o(.ARM.Collect$$libshutdown$$00000009)
    __rt_lib_shutdown_stdio_1                0x080081cb   Thumb Code     0  libshutdown2.o(.ARM.Collect$$libshutdown$$00000003)
    __rt_lib_shutdown_user_alloc_1           0x080081cb   Thumb Code     0  libshutdown2.o(.ARM.Collect$$libshutdown$$0000000B)
    __rt_entry                               0x080081cd   Thumb Code     0  __rtentry.o(.ARM.Collect$$rtentry$$00000000)
    __rt_entry_presh_1                       0x080081cd   Thumb Code     0  __rtentry2.o(.ARM.Collect$$rtentry$$00000002)
    __rt_entry_sh                            0x080081cd   Thumb Code     0  __rtentry4.o(.ARM.Collect$$rtentry$$00000004)
    __rt_entry_li                            0x080081d3   Thumb Code     0  __rtentry2.o(.ARM.Collect$$rtentry$$0000000A)
    __rt_entry_postsh_1                      0x080081d3   Thumb Code     0  __rtentry2.o(.ARM.Collect$$rtentry$$00000009)
    __rt_entry_main                          0x080081d7   Thumb Code     0  __rtentry2.o(.ARM.Collect$$rtentry$$0000000D)
    __rt_entry_postli_1                      0x080081d7   Thumb Code     0  __rtentry2.o(.ARM.Collect$$rtentry$$0000000C)
    __rt_exit                                0x080081df   Thumb Code     0  rtexit.o(.ARM.Collect$$rtexit$$00000000)
    __rt_exit_ls                             0x080081e1   Thumb Code     0  rtexit2.o(.ARM.Collect$$rtexit$$00000003)
    __rt_exit_prels_1                        0x080081e1   Thumb Code     0  rtexit2.o(.ARM.Collect$$rtexit$$00000002)
    __rt_exit_exit                           0x080081e5   Thumb Code     0  rtexit2.o(.ARM.Collect$$rtexit$$00000004)
    BS004_Quad_Calculation                   0x080081ed   Thumb Code   106  etootle_main.o(.text)
    BS004_Motor_Control                      0x08008257   Thumb Code   100  etootle_main.o(.text)
    BS004_COM1_Task_Process                  0x080082bb   Thumb Code   282  etootle_main.o(.text)
    main                                     0x080083d5   Thumb Code   226  etootle_main.o(.text)
    ANBT_SEND_DMP_EULER_DATA                 0x080084b7   Thumb Code   474  etootle_main.o(.text)
    BS004_ADC_DEVICE_Configuration           0x08008691   Thumb Code   224  etootle_adc.o(.text)
    BS004_ADC_IO_Configuration               0x08008771   Thumb Code    28  etootle_adc.o(.text)
    BS004_ADC_Configuration                  0x0800878d   Thumb Code    26  etootle_adc.o(.text)
    BS004_ADC_Get_ADC_Value                  0x080087a7   Thumb Code    70  etootle_adc.o(.text)
    BS004_COM1_Interrupt                     0x08008821   Thumb Code  1312  etootle_bluetooth.o(.text)
    BS004_COM1_Send_Char                     0x08008d41   Thumb Code    36  etootle_bluetooth.o(.text)
    BS004_COM1_Send_Num                      0x08008d65   Thumb Code    92  etootle_bluetooth.o(.text)
    BS004_COM1_Send_Str_Head                 0x08008dc1   Thumb Code    22  etootle_bluetooth.o(.text)
    BS004_COM1_Send_Str_Body                 0x08008dd7   Thumb Code    52  etootle_bluetooth.o(.text)
    BS004_COM1_Send_Str_Tail                 0x08008e0b   Thumb Code    16  etootle_bluetooth.o(.text)
    BS004_COM1_Send_4bits_BCD_Num            0x08008e1b   Thumb Code   212  etootle_bluetooth.o(.text)
    BS004_COM1_Communication                 0x08008eef   Thumb Code  1926  etootle_bluetooth.o(.text)
    BS004_COM1_GPIO_Configuration            0x08009675   Thumb Code    70  etootle_bluetooth.o(.text)
    BS004_COM1_NVIC_Configuration            0x080096bb   Thumb Code    34  etootle_bluetooth.o(.text)
    BS004_COM1_Port_Configuration            0x080096dd   Thumb Code    80  etootle_bluetooth.o(.text)
    BS004_IMU_Update                         0x0800976d   Thumb Code  1318  etootle_imu.o(.text)
    BS004_MOTOR_LED_OFF                      0x08009cb1   Thumb Code    38  etootle_led.o(.text)
    BS004_LED_GPIO_Configuration             0x08009cd7   Thumb Code   122  etootle_led.o(.text)
    BS004_MOTOR_LED_ON                       0x08009d51   Thumb Code    38  etootle_led.o(.text)
    BS004_Motor_Power_On                     0x08009d81   Thumb Code    24  etootle_motor.o(.text)
    BS004_Motor_Power_Off                    0x08009d99   Thumb Code    24  etootle_motor.o(.text)
    BS004_MOTOR_PWM_ON                       0x08009db1   Thumb Code    40  etootle_motor.o(.text)
    BS004_MOTOR_PWM_OFF                      0x08009dd9   Thumb Code    40  etootle_motor.o(.text)
    BS004_Motor_GPIO_Configuration           0x08009e01   Thumb Code   184  etootle_motor.o(.text)
    BS004_Motor_NVIC_Configuration           0x08009eb9   Thumb Code    32  etootle_motor.o(.text)
    BS004_Motor_PWM_Configuration            0x08009ed9   Thumb Code   320  etootle_motor.o(.text)
    BS004_Motor_Interrupt                    0x0800a019   Thumb Code    52  etootle_motor.o(.text)
    BS004_Motor_Speed_Scale                  0x0800a04d   Thumb Code    44  etootle_motor.o(.text)
    BS004_Motor_Reset                        0x0800a079   Thumb Code    96  etootle_motor.o(.text)
    BS004_I2C_Delay                          0x0800a149   Thumb Code    10  etootle_mpu6050.o(.text)
    BS004_I2C_STOP                           0x0800a153   Thumb Code    52  etootle_mpu6050.o(.text)
    BS004_I2C_SendNACK                       0x0800a187   Thumb Code    52  etootle_mpu6050.o(.text)
    BS004_I2C_SendACK                        0x0800a1bb   Thumb Code    52  etootle_mpu6050.o(.text)
    BS004_I2C_Receive14Bytes                 0x0800a1ef   Thumb Code   206  etootle_mpu6050.o(.text)
    BS004_I2C_SendByte                       0x0800a2bd   Thumb Code   168  etootle_mpu6050.o(.text)
    BS004_I2C_START                          0x0800a365   Thumb Code   102  etootle_mpu6050.o(.text)
    BS004_Get_MPU6050_Data                   0x0800a3cb   Thumb Code   558  etootle_mpu6050.o(.text)
    BS004_I2C_Configuration                  0x0800a5f9   Thumb Code    84  etootle_mpu6050.o(.text)
    BS004_I2C_ReceiveByte_NoACK              0x0800a64d   Thumb Code    96  etootle_mpu6050.o(.text)
    BS004_I2C_ReceiveByte_WithACK            0x0800a6ad   Thumb Code    96  etootle_mpu6050.o(.text)
    BS004_MPU6050_GYRO_WHOAMI_FUN            0x0800a70d   Thumb Code    42  etootle_mpu6050.o(.text)
    BS004_MPU6050_INT_CFG_FUN                0x0800a737   Thumb Code    30  etootle_mpu6050.o(.text)
    BS004_MPU6050_I2CBYPASS_CFG_FUN          0x0800a755   Thumb Code    30  etootle_mpu6050.o(.text)
    BS004_MPU6050_USER_CTRL_FUN              0x0800a773   Thumb Code    30  etootle_mpu6050.o(.text)
    BS004_MPU6050_ACCEL_CFG_FUN              0x0800a791   Thumb Code    30  etootle_mpu6050.o(.text)
    BS004_MPU6050_GYRO_CFG_FUN               0x0800a7af   Thumb Code    30  etootle_mpu6050.o(.text)
    BS004_MPU6050_EXIT_SLEEP_FUN             0x0800a7cd   Thumb Code    30  etootle_mpu6050.o(.text)
    BS004_MPU6050_PWM_CFG_FUN                0x0800a7eb   Thumb Code    30  etootle_mpu6050.o(.text)
    BS004_MPU6050_Init                       0x0800a809   Thumb Code    70  etootle_mpu6050.o(.text)
    BS004_MPU6050_READ_REG_FUN               0x0800a84f   Thumb Code    48  etootle_mpu6050.o(.text)
    BS004_Cal_MPU6050_Data                   0x0800a8b1   Thumb Code   256  etootle_parameter.o(.text)
    BS004_Load_Calibration_Parameter         0x0800a9b1   Thumb Code   692  etootle_parameter.o(.text)
    BS004_Load_Pid_Parameter                 0x0800ac65   Thumb Code   784  etootle_parameter.o(.text)
    BS004_Load_Filter_Parameter              0x0800af75   Thumb Code   622  etootle_parameter.o(.text)
    BS004_Load_Fly_Parameter                 0x0800b1e3   Thumb Code    52  etootle_parameter.o(.text)
    BS004_Show_Calibrated_Data               0x0800b217   Thumb Code   608  etootle_parameter.o(.text)
    BS004_PID_Control                        0x0800b4d1   Thumb Code  2024  etootle_pid.o(.text)
    BS004_RCC_Configuration                  0x0800bd29   Thumb Code   104  etootle_sys.o(.text)
    BS004_NVIC_Configuration                 0x0800bd91   Thumb Code    74  etootle_sys.o(.text)
    BS004_Long_Delay                         0x0800bddb   Thumb Code    10  etootle_sys.o(.text)
    BS004_MCU_LED_ON                         0x0800bde5   Thumb Code    14  etootle_sys.o(.text)
    BS004_MCU_LED_OFF                        0x0800bdf3   Thumb Code    14  etootle_sys.o(.text)
    BS004_LED_EXT_ON                         0x0800be01   Thumb Code    14  etootle_sys.o(.text)
    BS004_SYS_LED_Configuration              0x0800be0f   Thumb Code   138  etootle_sys.o(.text)
    BS004_SYS_NVIC_Configuration             0x0800be99   Thumb Code    40  etootle_sys.o(.text)
    BS004_SYS_Timer_Configuration            0x0800bec1   Thumb Code    82  etootle_sys.o(.text)
    BS004_SYS_Timer_Interrupt                0x0800bf13   Thumb Code     8  etootle_sys.o(.text)
    BS004_LED_EXT_OFF                        0x0800bf1b   Thumb Code    14  etootle_sys.o(.text)
    BS004_SYS_LED_TWINKLE                    0x0800bf29   Thumb Code    88  etootle_sys.o(.text)
    ADC_DeInit                               0x0800bfb1   Thumb Code    90  stm32f10x_adc.o(.text)
    ADC_Init                                 0x0800c00b   Thumb Code    70  stm32f10x_adc.o(.text)
    ADC_StructInit                           0x0800c051   Thumb Code    18  stm32f10x_adc.o(.text)
    ADC_Cmd                                  0x0800c063   Thumb Code    22  stm32f10x_adc.o(.text)
    ADC_DMACmd                               0x0800c079   Thumb Code    22  stm32f10x_adc.o(.text)
    ADC_ITConfig                             0x0800c08f   Thumb Code    24  stm32f10x_adc.o(.text)
    ADC_ResetCalibration                     0x0800c0a7   Thumb Code    10  stm32f10x_adc.o(.text)
    ADC_GetResetCalibrationStatus            0x0800c0b1   Thumb Code    20  stm32f10x_adc.o(.text)
    ADC_StartCalibration                     0x0800c0c5   Thumb Code    10  stm32f10x_adc.o(.text)
    ADC_GetCalibrationStatus                 0x0800c0cf   Thumb Code    20  stm32f10x_adc.o(.text)
    ADC_SoftwareStartConvCmd                 0x0800c0e3   Thumb Code    22  stm32f10x_adc.o(.text)
    ADC_GetSoftwareStartConvStatus           0x0800c0f9   Thumb Code    20  stm32f10x_adc.o(.text)
    ADC_DiscModeChannelCountConfig           0x0800c10d   Thumb Code    24  stm32f10x_adc.o(.text)
    ADC_DiscModeCmd                          0x0800c125   Thumb Code    22  stm32f10x_adc.o(.text)
    ADC_RegularChannelConfig                 0x0800c13b   Thumb Code   184  stm32f10x_adc.o(.text)
    ADC_ExternalTrigConvCmd                  0x0800c1f3   Thumb Code    22  stm32f10x_adc.o(.text)
    ADC_GetConversionValue                   0x0800c209   Thumb Code     8  stm32f10x_adc.o(.text)
    ADC_GetDualModeConversionValue           0x0800c211   Thumb Code     6  stm32f10x_adc.o(.text)
    ADC_AutoInjectedConvCmd                  0x0800c217   Thumb Code    22  stm32f10x_adc.o(.text)
    ADC_InjectedDiscModeCmd                  0x0800c22d   Thumb Code    22  stm32f10x_adc.o(.text)
    ADC_ExternalTrigInjectedConvConfig       0x0800c243   Thumb Code    16  stm32f10x_adc.o(.text)
    ADC_ExternalTrigInjectedConvCmd          0x0800c253   Thumb Code    22  stm32f10x_adc.o(.text)
    ADC_SoftwareStartInjectedConvCmd         0x0800c269   Thumb Code    22  stm32f10x_adc.o(.text)
    ADC_GetSoftwareStartInjectedConvCmdStatus 0x0800c27f   Thumb Code    20  stm32f10x_adc.o(.text)
    ADC_InjectedChannelConfig                0x0800c293   Thumb Code   130  stm32f10x_adc.o(.text)
    ADC_InjectedSequencerLengthConfig        0x0800c315   Thumb Code    24  stm32f10x_adc.o(.text)
    ADC_SetInjectedOffset                    0x0800c32d   Thumb Code     4  stm32f10x_adc.o(.text)
    ADC_GetInjectedConversionValue           0x0800c331   Thumb Code    10  stm32f10x_adc.o(.text)
    ADC_AnalogWatchdogCmd                    0x0800c33b   Thumb Code    16  stm32f10x_adc.o(.text)
    ADC_AnalogWatchdogThresholdsConfig       0x0800c34b   Thumb Code     6  stm32f10x_adc.o(.text)
    ADC_AnalogWatchdogSingleChannelConfig    0x0800c351   Thumb Code    16  stm32f10x_adc.o(.text)
    ADC_TempSensorVrefintCmd                 0x0800c361   Thumb Code    38  stm32f10x_adc.o(.text)
    ADC_GetFlagStatus                        0x0800c387   Thumb Code    38  stm32f10x_adc.o(.text)
    ADC_ClearFlag                            0x0800c3ad   Thumb Code     6  stm32f10x_adc.o(.text)
    ADC_GetITStatus                          0x0800c3b3   Thumb Code    36  stm32f10x_adc.o(.text)
    ADC_ClearITPendingBit                    0x0800c3d7   Thumb Code    10  stm32f10x_adc.o(.text)
    DMA_DeInit                               0x0800c3e1   Thumb Code   306  stm32f10x_dma.o(.text)
    DMA_Init                                 0x0800c513   Thumb Code    60  stm32f10x_dma.o(.text)
    DMA_StructInit                           0x0800c54f   Thumb Code    26  stm32f10x_dma.o(.text)
    DMA_Cmd                                  0x0800c569   Thumb Code    22  stm32f10x_dma.o(.text)
    DMA_ITConfig                             0x0800c57f   Thumb Code    18  stm32f10x_dma.o(.text)
    DMA_GetCurrDataCounter                   0x0800c591   Thumb Code     8  stm32f10x_dma.o(.text)
    DMA_GetFlagStatus                        0x0800c599   Thumb Code    40  stm32f10x_dma.o(.text)
    DMA_ClearFlag                            0x0800c5c1   Thumb Code    20  stm32f10x_dma.o(.text)
    DMA_GetITStatus                          0x0800c5d5   Thumb Code    40  stm32f10x_dma.o(.text)
    DMA_ClearITPendingBit                    0x0800c5fd   Thumb Code    20  stm32f10x_dma.o(.text)
    FLASH_SetLatency                         0x0800c621   Thumb Code    22  stm32f10x_flash.o(.text)
    FLASH_HalfCycleAccessCmd                 0x0800c637   Thumb Code    22  stm32f10x_flash.o(.text)
    FLASH_PrefetchBufferCmd                  0x0800c64d   Thumb Code    22  stm32f10x_flash.o(.text)
    GPIO_DeInit                              0x0800c669   Thumb Code   188  stm32f10x_gpio.o(.text)
    GPIO_AFIODeInit                          0x0800c725   Thumb Code    20  stm32f10x_gpio.o(.text)
    GPIO_Init                                0x0800c739   Thumb Code   278  stm32f10x_gpio.o(.text)
    GPIO_StructInit                          0x0800c84f   Thumb Code    16  stm32f10x_gpio.o(.text)
    GPIO_ReadInputDataBit                    0x0800c85f   Thumb Code    18  stm32f10x_gpio.o(.text)
    GPIO_ReadInputData                       0x0800c871   Thumb Code     8  stm32f10x_gpio.o(.text)
    GPIO_ReadOutputDataBit                   0x0800c879   Thumb Code    18  stm32f10x_gpio.o(.text)
    GPIO_ReadOutputData                      0x0800c88b   Thumb Code     8  stm32f10x_gpio.o(.text)
    GPIO_SetBits                             0x0800c893   Thumb Code     4  stm32f10x_gpio.o(.text)
    GPIO_ResetBits                           0x0800c897   Thumb Code     4  stm32f10x_gpio.o(.text)
    GPIO_WriteBit                            0x0800c89b   Thumb Code    10  stm32f10x_gpio.o(.text)
    GPIO_Write                               0x0800c8a5   Thumb Code     4  stm32f10x_gpio.o(.text)
    GPIO_PinLockConfig                       0x0800c8a9   Thumb Code    18  stm32f10x_gpio.o(.text)
    GPIO_EventOutputConfig                   0x0800c8bb   Thumb Code    26  stm32f10x_gpio.o(.text)
    GPIO_EventOutputCmd                      0x0800c8d5   Thumb Code     6  stm32f10x_gpio.o(.text)
    GPIO_PinRemapConfig                      0x0800c8db   Thumb Code   106  stm32f10x_gpio.o(.text)
    GPIO_EXTILineConfig                      0x0800c945   Thumb Code    66  stm32f10x_gpio.o(.text)
    USART1_IRQHandler                        0x0800c999   Thumb Code    32  stm32f10x_it.o(.text)
    NMIException                             0x0800c9b9   Thumb Code     2  stm32f10x_it.o(.text)
    HardFaultException                       0x0800c9bb   Thumb Code     4  stm32f10x_it.o(.text)
    MemManageException                       0x0800c9bf   Thumb Code     4  stm32f10x_it.o(.text)
    BusFaultException                        0x0800c9c3   Thumb Code     4  stm32f10x_it.o(.text)
    UsageFaultException                      0x0800c9c7   Thumb Code     4  stm32f10x_it.o(.text)
    DebugMonitor                             0x0800c9cb   Thumb Code     2  stm32f10x_it.o(.text)
    SVCHandler                               0x0800c9cd   Thumb Code     2  stm32f10x_it.o(.text)
    PendSVC                                  0x0800c9cf   Thumb Code     2  stm32f10x_it.o(.text)
    SysTickHandler                           0x0800c9d1   Thumb Code     2  stm32f10x_it.o(.text)
    WWDG_IRQHandler                          0x0800c9d3   Thumb Code     2  stm32f10x_it.o(.text)
    PVD_IRQHandler                           0x0800c9d5   Thumb Code     2  stm32f10x_it.o(.text)
    TAMPER_IRQHandler                        0x0800c9d7   Thumb Code     2  stm32f10x_it.o(.text)
    RTC_IRQHandler                           0x0800c9d9   Thumb Code     2  stm32f10x_it.o(.text)
    FLASH_IRQHandler                         0x0800c9db   Thumb Code     2  stm32f10x_it.o(.text)
    RCC_IRQHandler                           0x0800c9dd   Thumb Code     2  stm32f10x_it.o(.text)
    EXTI0_IRQHandler                         0x0800c9df   Thumb Code     2  stm32f10x_it.o(.text)
    EXTI1_IRQHandler                         0x0800c9e1   Thumb Code     2  stm32f10x_it.o(.text)
    EXTI2_IRQHandler                         0x0800c9e3   Thumb Code     2  stm32f10x_it.o(.text)
    EXTI3_IRQHandler                         0x0800c9e5   Thumb Code     2  stm32f10x_it.o(.text)
    EXTI4_IRQHandler                         0x0800c9e7   Thumb Code     2  stm32f10x_it.o(.text)
    DMA1_Channel1_IRQHandler                 0x0800c9e9   Thumb Code     2  stm32f10x_it.o(.text)
    DMA1_Channel2_IRQHandler                 0x0800c9eb   Thumb Code     2  stm32f10x_it.o(.text)
    DMA1_Channel3_IRQHandler                 0x0800c9ed   Thumb Code     2  stm32f10x_it.o(.text)
    DMA1_Channel4_IRQHandler                 0x0800c9ef   Thumb Code     2  stm32f10x_it.o(.text)
    DMA1_Channel5_IRQHandler                 0x0800c9f1   Thumb Code     2  stm32f10x_it.o(.text)
    DMA1_Channel6_IRQHandler                 0x0800c9f3   Thumb Code     2  stm32f10x_it.o(.text)
    DMA1_Channel7_IRQHandler                 0x0800c9f5   Thumb Code     2  stm32f10x_it.o(.text)
    ADC1_2_IRQHandler                        0x0800c9f7   Thumb Code     2  stm32f10x_it.o(.text)
    USB_HP_CAN_TX_IRQHandler                 0x0800c9f9   Thumb Code     2  stm32f10x_it.o(.text)
    USB_LP_CAN_RX0_IRQHandler                0x0800c9fb   Thumb Code     2  stm32f10x_it.o(.text)
    CAN_RX1_IRQHandler                       0x0800c9fd   Thumb Code     2  stm32f10x_it.o(.text)
    CAN_SCE_IRQHandler                       0x0800c9ff   Thumb Code     2  stm32f10x_it.o(.text)
    EXTI9_5_IRQHandler                       0x0800ca01   Thumb Code     2  stm32f10x_it.o(.text)
    TIM1_BRK_IRQHandler                      0x0800ca03   Thumb Code     2  stm32f10x_it.o(.text)
    TIM1_UP_IRQHandler                       0x0800ca05   Thumb Code    26  stm32f10x_it.o(.text)
    TIM1_TRG_COM_IRQHandler                  0x0800ca1f   Thumb Code     2  stm32f10x_it.o(.text)
    TIM1_CC_IRQHandler                       0x0800ca21   Thumb Code     2  stm32f10x_it.o(.text)
    TIM2_IRQHandler                          0x0800ca23   Thumb Code     2  stm32f10x_it.o(.text)
    TIM3_IRQHandler                          0x0800ca25   Thumb Code     2  stm32f10x_it.o(.text)
    TIM4_IRQHandler                          0x0800ca27   Thumb Code     2  stm32f10x_it.o(.text)
    I2C1_EV_IRQHandler                       0x0800ca29   Thumb Code     2  stm32f10x_it.o(.text)
    I2C1_ER_IRQHandler                       0x0800ca2b   Thumb Code     2  stm32f10x_it.o(.text)
    I2C2_EV_IRQHandler                       0x0800ca2d   Thumb Code     2  stm32f10x_it.o(.text)
    I2C2_ER_IRQHandler                       0x0800ca2f   Thumb Code     2  stm32f10x_it.o(.text)
    SPI1_IRQHandler                          0x0800ca31   Thumb Code     2  stm32f10x_it.o(.text)
    SPI2_IRQHandler                          0x0800ca33   Thumb Code     2  stm32f10x_it.o(.text)
    USART2_IRQHandler                        0x0800ca35   Thumb Code     2  stm32f10x_it.o(.text)
    USART3_IRQHandler                        0x0800ca37   Thumb Code     2  stm32f10x_it.o(.text)
    EXTI15_10_IRQHandler                     0x0800ca39   Thumb Code     2  stm32f10x_it.o(.text)
    RTCAlarm_IRQHandler                      0x0800ca3b   Thumb Code     2  stm32f10x_it.o(.text)
    USBWakeUp_IRQHandler                     0x0800ca3d   Thumb Code     2  stm32f10x_it.o(.text)
    TIM8_BRK_IRQHandler                      0x0800ca3f   Thumb Code     2  stm32f10x_it.o(.text)
    TIM8_UP_IRQHandler                       0x0800ca41   Thumb Code    26  stm32f10x_it.o(.text)
    TIM8_TRG_COM_IRQHandler                  0x0800ca5b   Thumb Code     2  stm32f10x_it.o(.text)
    TIM8_CC_IRQHandler                       0x0800ca5d   Thumb Code     2  stm32f10x_it.o(.text)
    ADC3_IRQHandler                          0x0800ca5f   Thumb Code     2  stm32f10x_it.o(.text)
    FSMC_IRQHandler                          0x0800ca61   Thumb Code     2  stm32f10x_it.o(.text)
    SDIO_IRQHandler                          0x0800ca63   Thumb Code     2  stm32f10x_it.o(.text)
    TIM5_IRQHandler                          0x0800ca65   Thumb Code     2  stm32f10x_it.o(.text)
    SPI3_IRQHandler                          0x0800ca67   Thumb Code     2  stm32f10x_it.o(.text)
    UART4_IRQHandler                         0x0800ca69   Thumb Code     2  stm32f10x_it.o(.text)
    UART5_IRQHandler                         0x0800ca6b   Thumb Code     2  stm32f10x_it.o(.text)
    TIM6_IRQHandler                          0x0800ca6d   Thumb Code     2  stm32f10x_it.o(.text)
    TIM7_IRQHandler                          0x0800ca6f   Thumb Code     2  stm32f10x_it.o(.text)
    DMA2_Channel1_IRQHandler                 0x0800ca71   Thumb Code     2  stm32f10x_it.o(.text)
    DMA2_Channel2_IRQHandler                 0x0800ca73   Thumb Code     2  stm32f10x_it.o(.text)
    DMA2_Channel3_IRQHandler                 0x0800ca75   Thumb Code     2  stm32f10x_it.o(.text)
    DMA2_Channel4_5_IRQHandler               0x0800ca77   Thumb Code     2  stm32f10x_it.o(.text)
    NVIC_DeInit                              0x0800ca85   Thumb Code    54  stm32f10x_nvic.o(.text)
    NVIC_SCBDeInit                           0x0800cabb   Thumb Code    76  stm32f10x_nvic.o(.text)
    NVIC_PriorityGroupConfig                 0x0800cb07   Thumb Code    12  stm32f10x_nvic.o(.text)
    NVIC_Init                                0x0800cb13   Thumb Code   152  stm32f10x_nvic.o(.text)
    NVIC_StructInit                          0x0800cbab   Thumb Code    12  stm32f10x_nvic.o(.text)
    NVIC_SETPRIMASK                          0x0800cbb7   Thumb Code     8  stm32f10x_nvic.o(.text)
    NVIC_RESETPRIMASK                        0x0800cbbf   Thumb Code     8  stm32f10x_nvic.o(.text)
    NVIC_SETFAULTMASK                        0x0800cbc7   Thumb Code     8  stm32f10x_nvic.o(.text)
    NVIC_RESETFAULTMASK                      0x0800cbcf   Thumb Code     8  stm32f10x_nvic.o(.text)
    NVIC_BASEPRICONFIG                       0x0800cbd7   Thumb Code    12  stm32f10x_nvic.o(.text)
    NVIC_GetBASEPRI                          0x0800cbe3   Thumb Code     8  stm32f10x_nvic.o(.text)
    NVIC_GetCurrentPendingIRQChannel         0x0800cbeb   Thumb Code    10  stm32f10x_nvic.o(.text)
    NVIC_GetIRQChannelPendingBitStatus       0x0800cbf5   Thumb Code    42  stm32f10x_nvic.o(.text)
    NVIC_SetIRQChannelPendingBit             0x0800cc1f   Thumb Code     6  stm32f10x_nvic.o(.text)
    NVIC_ClearIRQChannelPendingBit           0x0800cc25   Thumb Code    20  stm32f10x_nvic.o(.text)
    NVIC_GetCurrentActiveHandler             0x0800cc39   Thumb Code    10  stm32f10x_nvic.o(.text)
    NVIC_GetIRQChannelActiveBitStatus        0x0800cc43   Thumb Code    42  stm32f10x_nvic.o(.text)
    NVIC_GetCPUID                            0x0800cc6d   Thumb Code     8  stm32f10x_nvic.o(.text)
    NVIC_SetVectorTable                      0x0800cc75   Thumb Code    14  stm32f10x_nvic.o(.text)
    NVIC_GenerateSystemReset                 0x0800cc83   Thumb Code    12  stm32f10x_nvic.o(.text)
    NVIC_GenerateCoreReset                   0x0800cc8f   Thumb Code    12  stm32f10x_nvic.o(.text)
    NVIC_SystemLPConfig                      0x0800cc9b   Thumb Code    34  stm32f10x_nvic.o(.text)
    NVIC_SystemHandlerConfig                 0x0800ccbd   Thumb Code    48  stm32f10x_nvic.o(.text)
    NVIC_SystemHandlerPriorityConfig         0x0800cced   Thumb Code   110  stm32f10x_nvic.o(.text)
    NVIC_GetSystemHandlerPendingBitStatus    0x0800cd5b   Thumb Code    44  stm32f10x_nvic.o(.text)
    NVIC_SetSystemHandlerPendingBit          0x0800cd87   Thumb Code    22  stm32f10x_nvic.o(.text)
    NVIC_ClearSystemHandlerPendingBit        0x0800cd9d   Thumb Code    26  stm32f10x_nvic.o(.text)
    NVIC_GetSystemHandlerActiveBitStatus     0x0800cdb7   Thumb Code    42  stm32f10x_nvic.o(.text)
    NVIC_GetFaultHandlerSources              0x0800cde1   Thumb Code    66  stm32f10x_nvic.o(.text)
    NVIC_GetFaultAddress                     0x0800ce23   Thumb Code    28  stm32f10x_nvic.o(.text)
    RCC_DeInit                               0x0800ce5d   Thumb Code    62  stm32f10x_rcc.o(.text)
    RCC_HSEConfig                            0x0800ce9b   Thumb Code    70  stm32f10x_rcc.o(.text)
    RCC_GetFlagStatus                        0x0800cee1   Thumb Code    56  stm32f10x_rcc.o(.text)
    RCC_WaitForHSEStartUp                    0x0800cf19   Thumb Code    62  stm32f10x_rcc.o(.text)
    RCC_AdjustHSICalibrationValue            0x0800cf57   Thumb Code    20  stm32f10x_rcc.o(.text)
    RCC_HSICmd                               0x0800cf6b   Thumb Code     6  stm32f10x_rcc.o(.text)
    RCC_PLLConfig                            0x0800cf71   Thumb Code    24  stm32f10x_rcc.o(.text)
    RCC_PLLCmd                               0x0800cf89   Thumb Code     6  stm32f10x_rcc.o(.text)
    RCC_SYSCLKConfig                         0x0800cf8f   Thumb Code    18  stm32f10x_rcc.o(.text)
    RCC_GetSYSCLKSource                      0x0800cfa1   Thumb Code    10  stm32f10x_rcc.o(.text)
    RCC_HCLKConfig                           0x0800cfab   Thumb Code    18  stm32f10x_rcc.o(.text)
    RCC_PCLK1Config                          0x0800cfbd   Thumb Code    18  stm32f10x_rcc.o(.text)
    RCC_PCLK2Config                          0x0800cfcf   Thumb Code    20  stm32f10x_rcc.o(.text)
    RCC_ITConfig                             0x0800cfe3   Thumb Code    26  stm32f10x_rcc.o(.text)
    RCC_USBCLKConfig                         0x0800cffd   Thumb Code     8  stm32f10x_rcc.o(.text)
    RCC_ADCCLKConfig                         0x0800d005   Thumb Code    18  stm32f10x_rcc.o(.text)
    RCC_LSEConfig                            0x0800d017   Thumb Code    50  stm32f10x_rcc.o(.text)
    RCC_LSICmd                               0x0800d049   Thumb Code     6  stm32f10x_rcc.o(.text)
    RCC_RTCCLKConfig                         0x0800d04f   Thumb Code    12  stm32f10x_rcc.o(.text)
    RCC_RTCCLKCmd                            0x0800d05b   Thumb Code     8  stm32f10x_rcc.o(.text)
    RCC_GetClocksFreq                        0x0800d063   Thumb Code   192  stm32f10x_rcc.o(.text)
    RCC_AHBPeriphClockCmd                    0x0800d123   Thumb Code    26  stm32f10x_rcc.o(.text)
    RCC_APB2PeriphClockCmd                   0x0800d13d   Thumb Code    26  stm32f10x_rcc.o(.text)
    RCC_APB1PeriphClockCmd                   0x0800d157   Thumb Code    26  stm32f10x_rcc.o(.text)
    RCC_APB2PeriphResetCmd                   0x0800d171   Thumb Code    26  stm32f10x_rcc.o(.text)
    RCC_APB1PeriphResetCmd                   0x0800d18b   Thumb Code    26  stm32f10x_rcc.o(.text)
    RCC_BackupResetCmd                       0x0800d1a5   Thumb Code     8  stm32f10x_rcc.o(.text)
    RCC_ClockSecuritySystemCmd               0x0800d1ad   Thumb Code     6  stm32f10x_rcc.o(.text)
    RCC_MCOConfig                            0x0800d1b3   Thumb Code     6  stm32f10x_rcc.o(.text)
    RCC_ClearFlag                            0x0800d1b9   Thumb Code    14  stm32f10x_rcc.o(.text)
    RCC_GetITStatus                          0x0800d1c7   Thumb Code    20  stm32f10x_rcc.o(.text)
    RCC_ClearITPendingBit                    0x0800d1db   Thumb Code     6  stm32f10x_rcc.o(.text)
    TIM_DeInit                               0x0800d20d   Thumb Code   214  stm32f10x_tim.o(.text)
    TIM_TimeBaseInit                         0x0800d2e3   Thumb Code    50  stm32f10x_tim.o(.text)
    TIM_OC1Init                              0x0800d315   Thumb Code   110  stm32f10x_tim.o(.text)
    TIM_OC2Init                              0x0800d383   Thumb Code   148  stm32f10x_tim.o(.text)
    TIM_OC3Init                              0x0800d417   Thumb Code   144  stm32f10x_tim.o(.text)
    TIM_OC4Init                              0x0800d4a7   Thumb Code   106  stm32f10x_tim.o(.text)
    TIM_SetIC4Prescaler                      0x0800d511   Thumb Code    26  stm32f10x_tim.o(.text)
    TIM_SetIC3Prescaler                      0x0800d57d   Thumb Code    18  stm32f10x_tim.o(.text)
    TIM_SetIC2Prescaler                      0x0800d5d7   Thumb Code    42  stm32f10x_tim.o(.text)
    TIM_SetIC1Prescaler                      0x0800d651   Thumb Code    18  stm32f10x_tim.o(.text)
    TIM_ICInit                               0x0800d69b   Thumb Code   110  stm32f10x_tim.o(.text)
    TIM_PWMIConfig                           0x0800d709   Thumb Code   124  stm32f10x_tim.o(.text)
    TIM_BDTRConfig                           0x0800d785   Thumb Code    32  stm32f10x_tim.o(.text)
    TIM_TimeBaseStructInit                   0x0800d7a5   Thumb Code    18  stm32f10x_tim.o(.text)
    TIM_OCStructInit                         0x0800d7b7   Thumb Code    20  stm32f10x_tim.o(.text)
    TIM_ICStructInit                         0x0800d7cb   Thumb Code    18  stm32f10x_tim.o(.text)
    TIM_BDTRStructInit                       0x0800d7dd   Thumb Code    18  stm32f10x_tim.o(.text)
    TIM_Cmd                                  0x0800d7ef   Thumb Code    24  stm32f10x_tim.o(.text)
    TIM_CtrlPWMOutputs                       0x0800d807   Thumb Code    30  stm32f10x_tim.o(.text)
    TIM_ITConfig                             0x0800d825   Thumb Code    18  stm32f10x_tim.o(.text)
    TIM_GenerateEvent                        0x0800d837   Thumb Code     4  stm32f10x_tim.o(.text)
    TIM_DMAConfig                            0x0800d83b   Thumb Code    10  stm32f10x_tim.o(.text)
    TIM_DMACmd                               0x0800d845   Thumb Code    18  stm32f10x_tim.o(.text)
    TIM_InternalClockConfig                  0x0800d857   Thumb Code    12  stm32f10x_tim.o(.text)
    TIM_SelectInputTrigger                   0x0800d863   Thumb Code    18  stm32f10x_tim.o(.text)
    TIM_ITRxExternalClockConfig              0x0800d875   Thumb Code    24  stm32f10x_tim.o(.text)
    TIM_TIxExternalClockConfig               0x0800d88d   Thumb Code    62  stm32f10x_tim.o(.text)
    TIM_ETRConfig                            0x0800d8cb   Thumb Code    30  stm32f10x_tim.o(.text)
    TIM_ETRClockMode1Config                  0x0800d8e9   Thumb Code    54  stm32f10x_tim.o(.text)
    TIM_ETRClockMode2Config                  0x0800d91f   Thumb Code    32  stm32f10x_tim.o(.text)
    TIM_PrescalerConfig                      0x0800d93f   Thumb Code     6  stm32f10x_tim.o(.text)
    TIM_CounterModeConfig                    0x0800d945   Thumb Code    18  stm32f10x_tim.o(.text)
    TIM_EncoderInterfaceConfig               0x0800d957   Thumb Code    66  stm32f10x_tim.o(.text)
    TIM_ForcedOC1Config                      0x0800d999   Thumb Code    18  stm32f10x_tim.o(.text)
    TIM_ForcedOC2Config                      0x0800d9ab   Thumb Code    26  stm32f10x_tim.o(.text)
    TIM_ForcedOC3Config                      0x0800d9c5   Thumb Code    18  stm32f10x_tim.o(.text)
    TIM_ForcedOC4Config                      0x0800d9d7   Thumb Code    26  stm32f10x_tim.o(.text)
    TIM_ARRPreloadConfig                     0x0800d9f1   Thumb Code    24  stm32f10x_tim.o(.text)
    TIM_SelectCOM                            0x0800da09   Thumb Code    24  stm32f10x_tim.o(.text)
    TIM_SelectCCDMA                          0x0800da21   Thumb Code    24  stm32f10x_tim.o(.text)
    TIM_CCPreloadControl                     0x0800da39   Thumb Code    24  stm32f10x_tim.o(.text)
    TIM_OC1PreloadConfig                     0x0800da51   Thumb Code    18  stm32f10x_tim.o(.text)
    TIM_OC2PreloadConfig                     0x0800da63   Thumb Code    26  stm32f10x_tim.o(.text)
    TIM_OC3PreloadConfig                     0x0800da7d   Thumb Code    18  stm32f10x_tim.o(.text)
    TIM_OC4PreloadConfig                     0x0800da8f   Thumb Code    26  stm32f10x_tim.o(.text)
    TIM_OC1FastConfig                        0x0800daa9   Thumb Code    18  stm32f10x_tim.o(.text)
    TIM_OC2FastConfig                        0x0800dabb   Thumb Code    26  stm32f10x_tim.o(.text)
    TIM_OC3FastConfig                        0x0800dad5   Thumb Code    18  stm32f10x_tim.o(.text)
    TIM_OC4FastConfig                        0x0800dae7   Thumb Code    26  stm32f10x_tim.o(.text)
    TIM_ClearOC1Ref                          0x0800db01   Thumb Code    18  stm32f10x_tim.o(.text)
    TIM_ClearOC2Ref                          0x0800db13   Thumb Code    24  stm32f10x_tim.o(.text)
    TIM_ClearOC3Ref                          0x0800db2b   Thumb Code    18  stm32f10x_tim.o(.text)
    TIM_ClearOC4Ref                          0x0800db3d   Thumb Code    24  stm32f10x_tim.o(.text)
    TIM_OC1PolarityConfig                    0x0800db55   Thumb Code    18  stm32f10x_tim.o(.text)
    TIM_OC1NPolarityConfig                   0x0800db67   Thumb Code    18  stm32f10x_tim.o(.text)
    TIM_OC2PolarityConfig                    0x0800db79   Thumb Code    26  stm32f10x_tim.o(.text)
    TIM_OC2NPolarityConfig                   0x0800db93   Thumb Code    26  stm32f10x_tim.o(.text)
    TIM_OC3PolarityConfig                    0x0800dbad   Thumb Code    26  stm32f10x_tim.o(.text)
    TIM_OC3NPolarityConfig                   0x0800dbc7   Thumb Code    26  stm32f10x_tim.o(.text)
    TIM_OC4PolarityConfig                    0x0800dbe1   Thumb Code    26  stm32f10x_tim.o(.text)
    TIM_CCxCmd                               0x0800dbfb   Thumb Code    26  stm32f10x_tim.o(.text)
    TIM_CCxNCmd                              0x0800dc15   Thumb Code    26  stm32f10x_tim.o(.text)
    TIM_SelectOCxM                           0x0800dc2f   Thumb Code   108  stm32f10x_tim.o(.text)
    TIM_UpdateDisableConfig                  0x0800dc9b   Thumb Code    24  stm32f10x_tim.o(.text)
    TIM_UpdateRequestConfig                  0x0800dcb3   Thumb Code    24  stm32f10x_tim.o(.text)
    TIM_SelectHallSensor                     0x0800dccb   Thumb Code    24  stm32f10x_tim.o(.text)
    TIM_SelectOnePulseMode                   0x0800dce3   Thumb Code    18  stm32f10x_tim.o(.text)
    TIM_SelectOutputTrigger                  0x0800dcf5   Thumb Code    18  stm32f10x_tim.o(.text)
    TIM_SelectSlaveMode                      0x0800dd07   Thumb Code    18  stm32f10x_tim.o(.text)
    TIM_SelectMasterSlaveMode                0x0800dd19   Thumb Code    18  stm32f10x_tim.o(.text)
    TIM_SetCounter                           0x0800dd2b   Thumb Code     4  stm32f10x_tim.o(.text)
    TIM_SetAutoreload                        0x0800dd2f   Thumb Code     4  stm32f10x_tim.o(.text)
    TIM_SetCompare1                          0x0800dd33   Thumb Code     4  stm32f10x_tim.o(.text)
    TIM_SetCompare2                          0x0800dd37   Thumb Code     4  stm32f10x_tim.o(.text)
    TIM_SetCompare3                          0x0800dd3b   Thumb Code     4  stm32f10x_tim.o(.text)
    TIM_SetCompare4                          0x0800dd3f   Thumb Code     6  stm32f10x_tim.o(.text)
    TIM_SetClockDivision                     0x0800dd45   Thumb Code    14  stm32f10x_tim.o(.text)
    TIM_GetCapture1                          0x0800dd53   Thumb Code     6  stm32f10x_tim.o(.text)
    TIM_GetCapture2                          0x0800dd59   Thumb Code     6  stm32f10x_tim.o(.text)
    TIM_GetCapture3                          0x0800dd5f   Thumb Code     6  stm32f10x_tim.o(.text)
    TIM_GetCapture4                          0x0800dd65   Thumb Code     8  stm32f10x_tim.o(.text)
    TIM_GetCounter                           0x0800dd6d   Thumb Code     6  stm32f10x_tim.o(.text)
    TIM_GetPrescaler                         0x0800dd73   Thumb Code     6  stm32f10x_tim.o(.text)
    TIM_GetFlagStatus                        0x0800dd79   Thumb Code    18  stm32f10x_tim.o(.text)
    TIM_ClearFlag                            0x0800dd8b   Thumb Code     6  stm32f10x_tim.o(.text)
    TIM_GetITStatus                          0x0800dd91   Thumb Code    34  stm32f10x_tim.o(.text)
    TIM_ClearITPendingBit                    0x0800ddb3   Thumb Code     6  stm32f10x_tim.o(.text)
    USART_DeInit                             0x0800ddb9   Thumb Code   146  stm32f10x_usart.o(.text)
    USART_Init                               0x0800de4b   Thumb Code   150  stm32f10x_usart.o(.text)
    USART_StructInit                         0x0800dee1   Thumb Code    24  stm32f10x_usart.o(.text)
    USART_ClockInit                          0x0800def9   Thumb Code    34  stm32f10x_usart.o(.text)
    USART_ClockStructInit                    0x0800df1b   Thumb Code    12  stm32f10x_usart.o(.text)
    USART_Cmd                                0x0800df27   Thumb Code    24  stm32f10x_usart.o(.text)
    USART_ITConfig                           0x0800df3f   Thumb Code    64  stm32f10x_usart.o(.text)
    USART_DMACmd                             0x0800df7f   Thumb Code    18  stm32f10x_usart.o(.text)
    USART_SetAddress                         0x0800df91   Thumb Code    18  stm32f10x_usart.o(.text)
    USART_WakeUpConfig                       0x0800dfa3   Thumb Code    18  stm32f10x_usart.o(.text)
    USART_ReceiverWakeUpCmd                  0x0800dfb5   Thumb Code    24  stm32f10x_usart.o(.text)
    USART_LINBreakDetectLengthConfig         0x0800dfcd   Thumb Code    18  stm32f10x_usart.o(.text)
    USART_LINCmd                             0x0800dfdf   Thumb Code    24  stm32f10x_usart.o(.text)
    USART_SendData                           0x0800dff7   Thumb Code     8  stm32f10x_usart.o(.text)
    USART_ReceiveData                        0x0800dfff   Thumb Code    10  stm32f10x_usart.o(.text)
    USART_SendBreak                          0x0800e009   Thumb Code    10  stm32f10x_usart.o(.text)
    USART_SetGuardTime                       0x0800e013   Thumb Code    16  stm32f10x_usart.o(.text)
    USART_SetPrescaler                       0x0800e023   Thumb Code    16  stm32f10x_usart.o(.text)
    USART_SmartCardCmd                       0x0800e033   Thumb Code    24  stm32f10x_usart.o(.text)
    USART_SmartCardNACKCmd                   0x0800e04b   Thumb Code    24  stm32f10x_usart.o(.text)
    USART_HalfDuplexCmd                      0x0800e063   Thumb Code    24  stm32f10x_usart.o(.text)
    USART_IrDAConfig                         0x0800e07b   Thumb Code    18  stm32f10x_usart.o(.text)
    USART_IrDACmd                            0x0800e08d   Thumb Code    24  stm32f10x_usart.o(.text)
    USART_GetFlagStatus                      0x0800e0a5   Thumb Code    18  stm32f10x_usart.o(.text)
    USART_ClearFlag                          0x0800e0b7   Thumb Code     6  stm32f10x_usart.o(.text)
    USART_GetITStatus                        0x0800e0bd   Thumb Code    76  stm32f10x_usart.o(.text)
    USART_ClearITPendingBit                  0x0800e109   Thumb Code    20  stm32f10x_usart.o(.text)
    __WFI                                    0x0800e129   Thumb Code     0  cortexm3_macro.o(.text)
    __WFE                                    0x0800e12d   Thumb Code     0  cortexm3_macro.o(.text)
    __SEV                                    0x0800e131   Thumb Code     0  cortexm3_macro.o(.text)
    __ISB                                    0x0800e135   Thumb Code     0  cortexm3_macro.o(.text)
    __DSB                                    0x0800e13b   Thumb Code     0  cortexm3_macro.o(.text)
    __DMB                                    0x0800e141   Thumb Code     0  cortexm3_macro.o(.text)
    __SVC                                    0x0800e147   Thumb Code     0  cortexm3_macro.o(.text)
    __MRS_CONTROL                            0x0800e14b   Thumb Code     0  cortexm3_macro.o(.text)
    __MSR_CONTROL                            0x0800e151   Thumb Code     0  cortexm3_macro.o(.text)
    __MRS_PSP                                0x0800e15b   Thumb Code     0  cortexm3_macro.o(.text)
    __MSR_PSP                                0x0800e161   Thumb Code     0  cortexm3_macro.o(.text)
    __MRS_MSP                                0x0800e167   Thumb Code     0  cortexm3_macro.o(.text)
    __MSR_MSP                                0x0800e16d   Thumb Code     0  cortexm3_macro.o(.text)
    __RESETPRIMASK                           0x0800e173   Thumb Code     0  cortexm3_macro.o(.text)
    __SETPRIMASK                             0x0800e177   Thumb Code     0  cortexm3_macro.o(.text)
    __READ_PRIMASK                           0x0800e17b   Thumb Code     0  cortexm3_macro.o(.text)
    __SETFAULTMASK                           0x0800e181   Thumb Code     0  cortexm3_macro.o(.text)
    __RESETFAULTMASK                         0x0800e185   Thumb Code     0  cortexm3_macro.o(.text)
    __READ_FAULTMASK                         0x0800e189   Thumb Code     0  cortexm3_macro.o(.text)
    __BASEPRICONFIG                          0x0800e18f   Thumb Code     0  cortexm3_macro.o(.text)
    __GetBASEPRI                             0x0800e195   Thumb Code     0  cortexm3_macro.o(.text)
    __REV_HalfWord                           0x0800e19b   Thumb Code     0  cortexm3_macro.o(.text)
    __REV_Word                               0x0800e19f   Thumb Code     0  cortexm3_macro.o(.text)
    Reset_Handler                            0x0800e1a5   Thumb Code     4  stm32f10x_vector.o(.text)
    __user_initial_stackheap                 0x0800e1a9   Thumb Code     0  stm32f10x_vector.o(.text)
    __use_two_region_memory                  0x0800e1c9   Thumb Code     2  heapauxi.o(.text)
    __rt_heap_escrow$2region                 0x0800e1cb   Thumb Code     2  heapauxi.o(.text)
    __rt_heap_expand$2region                 0x0800e1cd   Thumb Code     2  heapauxi.o(.text)
    __read_errno                             0x0800e1cf   Thumb Code    10  _rserrno.o(.text)
    __set_errno                              0x0800e1d9   Thumb Code    12  _rserrno.o(.text)
    __aeabi_errno_addr                       0x0800e1e5   Thumb Code     8  rt_errno_addr_intlibspace.o(.text)
    __errno$intlibspace                      0x0800e1e5   Thumb Code     0  rt_errno_addr_intlibspace.o(.text)
    __rt_errno_addr$intlibspace              0x0800e1e5   Thumb Code     0  rt_errno_addr_intlibspace.o(.text)
    __user_libspace                          0x0800e1ed   Thumb Code     8  libspace.o(.text)
    __user_perproc_libspace                  0x0800e1ed   Thumb Code     0  libspace.o(.text)
    __user_perthread_libspace                0x0800e1ed   Thumb Code     0  libspace.o(.text)
    __user_setup_stackheap                   0x0800e1f5   Thumb Code    74  sys_stackheap_outer.o(.text)
    exit                                     0x0800e23f   Thumb Code    12  exit.o(.text)
    _sys_exit                                0x0800e24d   Thumb Code     8  sys_exit.o(.text)
    __I$use$semihosting                      0x0800e259   Thumb Code     0  use_no_semi.o(.text)
    __use_no_semihosting_swi                 0x0800e259   Thumb Code     2  use_no_semi.o(.text)
    __ARM_fpclassify                         0x0800e25b   Thumb Code    40  fpclassify.o(i.__ARM_fpclassify)
    __semihosting_library_function           0x0800e25b   Thumb Code     0  indicate_semi.o(.text)
    __kernel_poly                            0x0800e283   Thumb Code   170  poly.o(i.__kernel_poly)
    __mathlib_dbl_infnan                     0x0800e32d   Thumb Code     6  dunder.o(i.__mathlib_dbl_infnan)
    __mathlib_dbl_infnan2                    0x0800e333   Thumb Code     4  dunder.o(i.__mathlib_dbl_infnan2)
    __mathlib_dbl_invalid                    0x0800e337   Thumb Code    12  dunder.o(i.__mathlib_dbl_invalid)
    __mathlib_dbl_underflow                  0x0800e345   Thumb Code    10  dunder.o(i.__mathlib_dbl_underflow)
    asin                                     0x0800e355   Thumb Code   572  asin.o(i.asin)
    atan                                     0x0800e5c5   Thumb Code   474  atan.o(i.atan)
    atan2                                    0x0800e7e5   Thumb Code   346  atan2.o(i.atan2)
    sqrt                                     0x0800e965   Thumb Code    76  sqrt.o(i.sqrt)
    __aeabi_d2f                              0x0800e9b1   Thumb Code     0  d2f.o(x$fpl$d2f)
    _d2f                                     0x0800e9b1   Thumb Code    98  d2f.o(x$fpl$d2f)
    __aeabi_dadd                             0x0800ea15   Thumb Code     0  daddsub_clz.o(x$fpl$dadd)
    _dadd                                    0x0800ea15   Thumb Code   332  daddsub_clz.o(x$fpl$dadd)
    __fpl_dcheck_NaN1                        0x0800eb65   Thumb Code    10  dcheck1.o(x$fpl$dcheck1)
    __fpl_dcmp_Inf                           0x0800eb75   Thumb Code    24  dcmpi.o(x$fpl$dcmpinf)
    __aeabi_ddiv                             0x0800eb8d   Thumb Code     0  ddiv.o(x$fpl$ddiv)
    _ddiv                                    0x0800eb8d   Thumb Code   552  ddiv.o(x$fpl$ddiv)
    __aeabi_d2uiz                            0x0800ee3d   Thumb Code     0  dfixu.o(x$fpl$dfixu)
    _dfixu                                   0x0800ee3d   Thumb Code    90  dfixu.o(x$fpl$dfixu)
    __aeabi_i2d                              0x0800ee97   Thumb Code     0  dflt_clz.o(x$fpl$dflt)
    _dflt                                    0x0800ee97   Thumb Code    46  dflt_clz.o(x$fpl$dflt)
    __aeabi_cdcmple                          0x0800eec5   Thumb Code     0  dleqf.o(x$fpl$dleqf)
    _dcmple                                  0x0800eec5   Thumb Code   120  dleqf.o(x$fpl$dleqf)
    __fpl_dcmple_InfNaN                      0x0800ef27   Thumb Code     0  dleqf.o(x$fpl$dleqf)
    __aeabi_dmul                             0x0800ef3d   Thumb Code     0  dmul.o(x$fpl$dmul)
    _dmul                                    0x0800ef3d   Thumb Code   332  dmul.o(x$fpl$dmul)
    __fpl_dnaninf                            0x0800f091   Thumb Code   156  dnaninf.o(x$fpl$dnaninf)
    __fpl_dretinf                            0x0800f12d   Thumb Code    12  dretinf.o(x$fpl$dretinf)
    __aeabi_cdrcmple                         0x0800f139   Thumb Code     0  drleqf.o(x$fpl$drleqf)
    _drcmple                                 0x0800f139   Thumb Code   108  drleqf.o(x$fpl$drleqf)
    __aeabi_drsub                            0x0800f1a5   Thumb Code     0  daddsub_clz.o(x$fpl$drsb)
    _drsb                                    0x0800f1a5   Thumb Code    22  daddsub_clz.o(x$fpl$drsb)
    _dsqrt                                   0x0800f1bd   Thumb Code   456  dsqrt_noumaal.o(x$fpl$dsqrt)
    __aeabi_dsub                             0x0800f389   Thumb Code     0  daddsub_clz.o(x$fpl$dsub)
    _dsub                                    0x0800f389   Thumb Code   464  daddsub_clz.o(x$fpl$dsub)
    __aeabi_f2d                              0x0800f55d   Thumb Code     0  f2d.o(x$fpl$f2d)
    _f2d                                     0x0800f55d   Thumb Code    86  f2d.o(x$fpl$f2d)
    __aeabi_fadd                             0x0800f5b5   Thumb Code     0  faddsub_clz.o(x$fpl$fadd)
    _fadd                                    0x0800f5b5   Thumb Code   196  faddsub_clz.o(x$fpl$fadd)
    __fpl_fcmp_Inf                           0x0800f679   Thumb Code    24  fcmpi.o(x$fpl$fcmpinf)
    __aeabi_fdiv                             0x0800f691   Thumb Code     0  fdiv.o(x$fpl$fdiv)
    _fdiv                                    0x0800f691   Thumb Code   384  fdiv.o(x$fpl$fdiv)
    __aeabi_cfcmpeq                          0x0800f815   Thumb Code     0  feqf.o(x$fpl$feqf)
    _fcmpeq                                  0x0800f815   Thumb Code   104  feqf.o(x$fpl$feqf)
    __aeabi_f2iz                             0x0800f87d   Thumb Code     0  ffix.o(x$fpl$ffix)
    _ffix                                    0x0800f87d   Thumb Code    54  ffix.o(x$fpl$ffix)
    __aeabi_f2uiz                            0x0800f8b5   Thumb Code     0  ffixu.o(x$fpl$ffixu)
    _ffixu                                   0x0800f8b5   Thumb Code    62  ffixu.o(x$fpl$ffixu)
    __aeabi_i2f                              0x0800f8f5   Thumb Code     0  fflt_clz.o(x$fpl$fflt)
    _fflt                                    0x0800f8f5   Thumb Code    48  fflt_clz.o(x$fpl$fflt)
    __aeabi_ui2f                             0x0800f925   Thumb Code     0  fflt_clz.o(x$fpl$ffltu)
    _ffltu                                   0x0800f925   Thumb Code    38  fflt_clz.o(x$fpl$ffltu)
    __aeabi_cfcmple                          0x0800f94d   Thumb Code     0  fleqf.o(x$fpl$fleqf)
    _fcmple                                  0x0800f94d   Thumb Code   104  fleqf.o(x$fpl$fleqf)
    __fpl_fcmple_InfNaN                      0x0800f99f   Thumb Code     0  fleqf.o(x$fpl$fleqf)
    __aeabi_fmul                             0x0800f9b5   Thumb Code     0  fmul.o(x$fpl$fmul)
    _fmul                                    0x0800f9b5   Thumb Code   258  fmul.o(x$fpl$fmul)
    __fpl_fnaninf                            0x0800fab7   Thumb Code   140  fnaninf.o(x$fpl$fnaninf)
    __fpl_fretinf                            0x0800fb43   Thumb Code    10  fretinf.o(x$fpl$fretinf)
    __aeabi_cfrcmple                         0x0800fb4d   Thumb Code     0  frleqf.o(x$fpl$frleqf)
    _frcmple                                 0x0800fb4d   Thumb Code    98  frleqf.o(x$fpl$frleqf)
    __aeabi_frsub                            0x0800fbaf   Thumb Code     0  faddsub_clz.o(x$fpl$frsb)
    _frsb                                    0x0800fbaf   Thumb Code    20  faddsub_clz.o(x$fpl$frsb)
    __aeabi_fsub                             0x0800fbc5   Thumb Code     0  faddsub_clz.o(x$fpl$fsub)
    _fsub                                    0x0800fbc5   Thumb Code   234  faddsub_clz.o(x$fpl$fsub)
    __fpl_return_NaN                         0x0800fcaf   Thumb Code   100  retnan.o(x$fpl$retnan)
    __ARM_scalbn                             0x0800fd13   Thumb Code    92  scalbn.o(x$fpl$scalbn)
    __fpl_cmpreturn                          0x0800fd6f   Thumb Code    48  trapv.o(x$fpl$trapveneer)
    __I$use$fp                               0x0800fd9e   Number         0  usenofp.o(x$fpl$usenofp)
    __mathlib_zero                           0x0800fea0   Data           8  qnan.o(.constdata)
    Region$$Table$$Base                      0x0800fea8   Number         0  anon$$obj.o(Region$$Table)
    Region$$Table$$Limit                     0x0800fec8   Number         0  anon$$obj.o(Region$$Table)
    system_idle_counter                      0x20000000   Data           4  etootle_main.o(.data)
    system_timer_1ms_event                   0x20000004   Data           4  etootle_main.o(.data)
    system_timer_state                       0x20000008   Data           4  etootle_main.o(.data)
    system_status                            0x2000000c   Data           4  etootle_main.o(.data)
    system_timer_counter                     0x20000010   Data           4  etootle_main.o(.data)
    system_led_timer_counter                 0x20000014   Data           4  etootle_main.o(.data)
    BS004_ADC_Tab                            0x20000018   Data           4  etootle_adc.o(.data)
    pid_data_buffer_valid                    0x2000001c   Data           1  etootle_bluetooth.o(.data)
    pid_data_buffer                          0x20000020   Data           4  etootle_bluetooth.o(.data)
    ctrl_data_buffer_valid                   0x20000024   Data           1  etootle_bluetooth.o(.data)
    remote_ctrl_data_buffer                  0x20000025   Data           4  etootle_bluetooth.o(.data)
    bs004_bat_value                          0x2000002c   Data           4  etootle_bluetooth.o(.data)
    com_status_is_idle                       0x20000030   Data           1  etootle_bluetooth.o(.data)
    valid_command_was_received               0x20000031   Data           1  etootle_bluetooth.o(.data)
    bs004_com_command_ops                    0x20000032   Data           1  etootle_bluetooth.o(.data)
    com_receive_str_index                    0x20000033   Data           1  etootle_bluetooth.o(.data)
    BS004_Ctrl_Gas                           0x20000034   Data           1  etootle_bluetooth.o(.data)
    BS004_Ctrl_Valid                         0x20000035   Data           1  etootle_bluetooth.o(.data)
    BS004_Ctrl_Gas_Noise                     0x20000036   Data           1  etootle_bluetooth.o(.data)
    BS004_Ctrl_Pitch                         0x20000037   Data           1  etootle_bluetooth.o(.data)
    BS004_Ctrl_Roll                          0x20000038   Data           1  etootle_bluetooth.o(.data)
    BS004_Ctrl_Yaw                           0x20000039   Data           1  etootle_bluetooth.o(.data)
    BS004_Ctrl_Dir_Noise                     0x2000003a   Data           1  etootle_bluetooth.o(.data)
    bs004_fly_gas                            0x2000003c   Data           2  etootle_bluetooth.o(.data)
    bs004_fly_pitch                          0x2000003e   Data           2  etootle_bluetooth.o(.data)
    bs004_fly_roll                           0x20000040   Data           2  etootle_bluetooth.o(.data)
    bs004_fly_yaw                            0x20000042   Data           2  etootle_bluetooth.o(.data)
    BS004_IMU_Output                         0x20000044   Data           1  etootle_bluetooth.o(.data)
    BS004_Motor_Lock                         0x20000045   Data           1  etootle_bluetooth.o(.data)
    bs004_mpu6050_gyro_scale                 0x20000048   Data           4  etootle_imu.o(.data)
    bs004_mpu6050_pi_scale                   0x2000004c   Data           4  etootle_imu.o(.data)
    bs004_gyro_to_rad_scale                  0x20000050   Data           4  etootle_imu.o(.data)
    bs004_hmc5883l_mag_scale                 0x20000054   Data           4  etootle_imu.o(.data)
    q0                                       0x20000058   Data           4  etootle_imu.o(.data)
    q1                                       0x2000005c   Data           4  etootle_imu.o(.data)
    q2                                       0x20000060   Data           4  etootle_imu.o(.data)
    q3                                       0x20000064   Data           4  etootle_imu.o(.data)
    exInt                                    0x20000068   Data           4  etootle_imu.o(.data)
    eyInt                                    0x2000006c   Data           4  etootle_imu.o(.data)
    ezInt                                    0x20000070   Data           4  etootle_imu.o(.data)
    bs004_imu_pitch                          0x20000074   Data           4  etootle_imu.o(.data)
    bs004_imu_roll                           0x20000078   Data           4  etootle_imu.o(.data)
    bs004_imu_yaw                            0x2000007c   Data           4  etootle_imu.o(.data)
    bs004_quad_Kp                            0x20000080   Data           4  etootle_imu.o(.data)
    bs004_quad_Ki                            0x20000084   Data           4  etootle_imu.o(.data)
    bs004_quad_halfT                         0x20000088   Data           4  etootle_imu.o(.data)
    bs004_fly_m1_out                         0x2000008c   Data           2  etootle_motor.o(.data)
    bs004_fly_m2_out                         0x2000008e   Data           2  etootle_motor.o(.data)
    bs004_fly_m3_out                         0x20000090   Data           2  etootle_motor.o(.data)
    bs004_fly_m4_out                         0x20000092   Data           2  etootle_motor.o(.data)
    bs004_motor_pwm_period                   0x20000094   Data           4  etootle_motor.o(.data)
    BS004_Motor_Scale                        0x20000098   Data           4  etootle_motor.o(.data)
    Motor_BS004_M1                           0x2000009c   Data           4  etootle_motor.o(.data)
    Motor_BS004_M2                           0x200000a0   Data           4  etootle_motor.o(.data)
    Motor_BS004_M3                           0x200000a4   Data           4  etootle_motor.o(.data)
    Motor_BS004_M4                           0x200000a8   Data           4  etootle_motor.o(.data)
    bs004_mpu6050_gyro_pitch_raw             0x200000ac   Data           2  etootle_mpu6050.o(.data)
    bs004_mpu6050_gyro_roll_raw              0x200000ae   Data           2  etootle_mpu6050.o(.data)
    bs004_mpu6050_gyro_yaw_raw               0x200000b0   Data           2  etootle_mpu6050.o(.data)
    bs004_mpu6050_gyro_pitch_cal             0x200000b2   Data           2  etootle_mpu6050.o(.data)
    bs004_mpu6050_gyro_roll_cal              0x200000b4   Data           2  etootle_mpu6050.o(.data)
    bs004_mpu6050_gyro_yaw_cal               0x200000b6   Data           2  etootle_mpu6050.o(.data)
    bs004_mpu6050_acc_pitch_raw              0x200000b8   Data           2  etootle_mpu6050.o(.data)
    bs004_mpu6050_acc_roll_raw               0x200000ba   Data           2  etootle_mpu6050.o(.data)
    bs004_mpu6050_acc_yaw_raw                0x200000bc   Data           2  etootle_mpu6050.o(.data)
    bs004_mpu6050_acc_pitch_cal              0x200000be   Data           2  etootle_mpu6050.o(.data)
    bs004_mpu6050_acc_roll_cal               0x200000c0   Data           2  etootle_mpu6050.o(.data)
    bs004_mpu6050_acc_yaw_cal                0x200000c2   Data           2  etootle_mpu6050.o(.data)
    bs004_hmc5883l_mag_pitch_cal             0x200000c4   Data           2  etootle_mpu6050.o(.data)
    bs004_hmc5883l_mag_roll_cal              0x200000c6   Data           2  etootle_mpu6050.o(.data)
    bs004_hmc5883l_mag_yaw_cal               0x200000c8   Data           2  etootle_mpu6050.o(.data)
    bs004_filter_high                        0x200000cc   Data           4  etootle_mpu6050.o(.data)
    bs004_filter_low                         0x200000d0   Data           4  etootle_mpu6050.o(.data)
    bs004_filter_time                        0x200000d4   Data           4  etootle_mpu6050.o(.data)
    bs004_mpu6050_acc_pitch_com              0x200000d8   Data           4  etootle_mpu6050.o(.data)
    bs004_mpu6050_acc_roll_com               0x200000dc   Data           4  etootle_mpu6050.o(.data)
    bs004_mpu6050_gyro_angel_pitch_ave       0x200000e0   Data           4  etootle_mpu6050.o(.data)
    bs004_mpu6050_gyro_angel_roll_ave        0x200000e4   Data           4  etootle_mpu6050.o(.data)
    bs004_mpu6050_gyro_angel_yaw_ave         0x200000e8   Data           4  etootle_mpu6050.o(.data)
    bs004_mpu6050_acc_angel_pitch_ave        0x200000ec   Data           4  etootle_mpu6050.o(.data)
    bs004_mpu6050_acc_angel_roll_ave         0x200000f0   Data           4  etootle_mpu6050.o(.data)
    bs004_mpu6050_acc_angel_yaw_ave          0x200000f4   Data           4  etootle_mpu6050.o(.data)
    bs004_load_par_sign                      0x200000f8   Data           4  etootle_parameter.o(.data)
    bs004_pitch_p                            0x200000fc   Data           4  etootle_pid.o(.data)
    bs004_roll_p                             0x20000100   Data           4  etootle_pid.o(.data)
    bs004_yaw_p                              0x20000104   Data           4  etootle_pid.o(.data)
    bs004_pitch_i                            0x20000108   Data           4  etootle_pid.o(.data)
    bs004_roll_i                             0x2000010c   Data           4  etootle_pid.o(.data)
    bs004_yaw_i                              0x20000110   Data           4  etootle_pid.o(.data)
    bs004_pitch_d                            0x20000114   Data           4  etootle_pid.o(.data)
    bs004_roll_d                             0x20000118   Data           4  etootle_pid.o(.data)
    bs004_yaw_d                              0x2000011c   Data           4  etootle_pid.o(.data)
    bs004_pitch_m                            0x20000120   Data           4  etootle_pid.o(.data)
    bs004_roll_m                             0x20000124   Data           4  etootle_pid.o(.data)
    bs004_yaw_m                              0x20000128   Data           4  etootle_pid.o(.data)
    bs004_pitch_mf                           0x2000012c   Data           4  etootle_pid.o(.data)
    bs004_roll_mf                            0x20000130   Data           4  etootle_pid.o(.data)
    bs004_yaw_mf                             0x20000134   Data           4  etootle_pid.o(.data)
    bs004_fly_gas_scale                      0x20000138   Data           4  etootle_pid.o(.data)
    bs004_fly_pitch_scale                    0x2000013c   Data           4  etootle_pid.o(.data)
    bs004_fly_roll_scale                     0x20000140   Data           4  etootle_pid.o(.data)
    bs004_fly_yaw_scale                      0x20000144   Data           4  etootle_pid.o(.data)
    bs004_angle_cur_pitch                    0x20000148   Data           4  etootle_pid.o(.data)
    bs004_angle_cur_roll                     0x2000014c   Data           4  etootle_pid.o(.data)
    bs004_angle_cur_yaw                      0x20000150   Data           4  etootle_pid.o(.data)
    bs004_angle_last_pitch                   0x20000154   Data           4  etootle_pid.o(.data)
    bs004_angle_last_roll                    0x20000158   Data           4  etootle_pid.o(.data)
    bs004_angle_last_yaw                     0x2000015c   Data           4  etootle_pid.o(.data)
    bs004_angle_dif_pitch                    0x20000160   Data           4  etootle_pid.o(.data)
    bs004_angle_dif_roll                     0x20000164   Data           4  etootle_pid.o(.data)
    bs004_angle_dif_yaw                      0x20000168   Data           4  etootle_pid.o(.data)
    bs004_angle_int_pitch                    0x2000016c   Data           4  etootle_pid.o(.data)
    bs004_angle_int_roll                     0x20000170   Data           4  etootle_pid.o(.data)
    bs004_angle_int_yaw                      0x20000174   Data           4  etootle_pid.o(.data)
    bs004_fly_m1                             0x20000178   Data           4  etootle_pid.o(.data)
    bs004_fly_m2                             0x2000017c   Data           4  etootle_pid.o(.data)
    bs004_fly_m3                             0x20000180   Data           4  etootle_pid.o(.data)
    bs004_fly_m4                             0x20000184   Data           4  etootle_pid.o(.data)
    bs004_fly_pitch_dir                      0x20000188   Data           4  etootle_pid.o(.data)
    bs004_fly_roll_dir                       0x2000018c   Data           4  etootle_pid.o(.data)
    bs004_fly_yaw_dir                        0x20000190   Data           4  etootle_pid.o(.data)
    bs004_sys_timer_period                   0x20000194   Data           4  etootle_sys.o(.data)
    pid_setting_P_value                      0x200001a0   Data          12  etootle_bluetooth.o(.bss)
    pid_setting_I_value                      0x200001ac   Data          12  etootle_bluetooth.o(.bss)
    pid_setting_D_value                      0x200001b8   Data          12  etootle_bluetooth.o(.bss)
    pid_setting_M_value                      0x200001c4   Data          12  etootle_bluetooth.o(.bss)
    com_receive_str_buf                      0x200001d0   Data          64  etootle_bluetooth.o(.bss)
    com_receive_data_buf                     0x20000210   Data          64  etootle_bluetooth.o(.bss)
    __libspace_start                         0x20000250   Data          96  libspace.o(.bss)
    __temporary_stack_top$libspace           0x200002b0   Data           0  libspace.o(.bss)



==============================================================================

Memory Map of the image

  Image Entry point : 0x08008131

  Load Region LR_IROM1 (Base: 0x08008000, Size: 0x00008068, Max: 0x00040000, ABSOLUTE, COMPRESSED[0x00007ee0])

    Execution Region ER_IROM1 (Base: 0x08008000, Size: 0x00007ec8, Max: 0x00040000, ABSOLUTE)

    Base Addr    Size         Type   Attr      Idx    E Section Name        Object

    0x08008000   0x00000130   Data   RO          651    RESET               stm32f10x_vector.o
    0x08008130   0x00000008   Code   RO          663  * !!!main             c_w.l(__main.o)
    0x08008138   0x00000034   Code   RO          968    !!!scatter          c_w.l(__scatter.o)
    0x0800816c   0x0000003a   Code   RO          966    !!dczerorl          c_w.l(__dczerorl.o)
    0x080081a6   0x00000002   PAD
    0x080081a8   0x0000001c   Code   RO          970    !!handler_zi        c_w.l(__scatter_zi.o)
    0x080081c4   0x00000002   Code   RO          836    .ARM.Collect$$libinit$$00000000  c_w.l(libinit.o)
    0x080081c6   0x00000000   Code   RO          842    .ARM.Collect$$libinit$$00000002  c_w.l(libinit2.o)
    0x080081c6   0x00000000   Code   RO          844    .ARM.Collect$$libinit$$00000004  c_w.l(libinit2.o)
    0x080081c6   0x00000000   Code   RO          847    .ARM.Collect$$libinit$$0000000A  c_w.l(libinit2.o)
    0x080081c6   0x00000000   Code   RO          849    .ARM.Collect$$libinit$$0000000C  c_w.l(libinit2.o)
    0x080081c6   0x00000000   Code   RO          851    .ARM.Collect$$libinit$$0000000E  c_w.l(libinit2.o)
    0x080081c6   0x00000000   Code   RO          854    .ARM.Collect$$libinit$$00000011  c_w.l(libinit2.o)
    0x080081c6   0x00000000   Code   RO          856    .ARM.Collect$$libinit$$00000013  c_w.l(libinit2.o)
    0x080081c6   0x00000000   Code   RO          858    .ARM.Collect$$libinit$$00000015  c_w.l(libinit2.o)
    0x080081c6   0x00000000   Code   RO          860    .ARM.Collect$$libinit$$00000017  c_w.l(libinit2.o)
    0x080081c6   0x00000000   Code   RO          862    .ARM.Collect$$libinit$$00000019  c_w.l(libinit2.o)
    0x080081c6   0x00000000   Code   RO          864    .ARM.Collect$$libinit$$0000001B  c_w.l(libinit2.o)
    0x080081c6   0x00000000   Code   RO          866    .ARM.Collect$$libinit$$0000001D  c_w.l(libinit2.o)
    0x080081c6   0x00000000   Code   RO          868    .ARM.Collect$$libinit$$0000001F  c_w.l(libinit2.o)
    0x080081c6   0x00000000   Code   RO          870    .ARM.Collect$$libinit$$00000021  c_w.l(libinit2.o)
    0x080081c6   0x00000000   Code   RO          872    .ARM.Collect$$libinit$$00000023  c_w.l(libinit2.o)
    0x080081c6   0x00000000   Code   RO          874    .ARM.Collect$$libinit$$00000025  c_w.l(libinit2.o)
    0x080081c6   0x00000000   Code   RO          878    .ARM.Collect$$libinit$$0000002C  c_w.l(libinit2.o)
    0x080081c6   0x00000000   Code   RO          880    .ARM.Collect$$libinit$$0000002E  c_w.l(libinit2.o)
    0x080081c6   0x00000000   Code   RO          882    .ARM.Collect$$libinit$$00000030  c_w.l(libinit2.o)
    0x080081c6   0x00000000   Code   RO          884    .ARM.Collect$$libinit$$00000032  c_w.l(libinit2.o)
    0x080081c6   0x00000002   Code   RO          885    .ARM.Collect$$libinit$$00000033  c_w.l(libinit2.o)
    0x080081c8   0x00000002   Code   RO          907    .ARM.Collect$$libshutdown$$00000000  c_w.l(libshutdown.o)
    0x080081ca   0x00000000   Code   RO          921    .ARM.Collect$$libshutdown$$00000003  c_w.l(libshutdown2.o)
    0x080081ca   0x00000000   Code   RO          924    .ARM.Collect$$libshutdown$$00000006  c_w.l(libshutdown2.o)
    0x080081ca   0x00000000   Code   RO          927    .ARM.Collect$$libshutdown$$00000009  c_w.l(libshutdown2.o)
    0x080081ca   0x00000000   Code   RO          929    .ARM.Collect$$libshutdown$$0000000B  c_w.l(libshutdown2.o)
    0x080081ca   0x00000000   Code   RO          932    .ARM.Collect$$libshutdown$$0000000E  c_w.l(libshutdown2.o)
    0x080081ca   0x00000002   Code   RO          933    .ARM.Collect$$libshutdown$$0000000F  c_w.l(libshutdown2.o)
    0x080081cc   0x00000000   Code   RO          741    .ARM.Collect$$rtentry$$00000000  c_w.l(__rtentry.o)
    0x080081cc   0x00000000   Code   RO          801    .ARM.Collect$$rtentry$$00000002  c_w.l(__rtentry2.o)
    0x080081cc   0x00000006   Code   RO          813    .ARM.Collect$$rtentry$$00000004  c_w.l(__rtentry4.o)
    0x080081d2   0x00000000   Code   RO          803    .ARM.Collect$$rtentry$$00000009  c_w.l(__rtentry2.o)
    0x080081d2   0x00000004   Code   RO          804    .ARM.Collect$$rtentry$$0000000A  c_w.l(__rtentry2.o)
    0x080081d6   0x00000000   Code   RO          806    .ARM.Collect$$rtentry$$0000000C  c_w.l(__rtentry2.o)
    0x080081d6   0x00000008   Code   RO          807    .ARM.Collect$$rtentry$$0000000D  c_w.l(__rtentry2.o)
    0x080081de   0x00000002   Code   RO          839    .ARM.Collect$$rtexit$$00000000  c_w.l(rtexit.o)
    0x080081e0   0x00000000   Code   RO          889    .ARM.Collect$$rtexit$$00000002  c_w.l(rtexit2.o)
    0x080081e0   0x00000004   Code   RO          890    .ARM.Collect$$rtexit$$00000003  c_w.l(rtexit2.o)
    0x080081e4   0x00000006   Code   RO          891    .ARM.Collect$$rtexit$$00000004  c_w.l(rtexit2.o)
    0x080081ea   0x00000002   PAD
    0x080081ec   0x000004a4   Code   RO            1    .text               etootle_main.o
    0x08008690   0x00000190   Code   RO          145    .text               etootle_adc.o
    0x08008820   0x00000f4c   Code   RO          164    .text               etootle_bluetooth.o
    0x0800976c   0x00000544   Code   RO          193    .text               etootle_imu.o
    0x08009cb0   0x000000d0   Code   RO          212    .text               etootle_led.o
    0x08009d80   0x000003c8   Code   RO          224    .text               etootle_motor.o
    0x0800a148   0x00000768   Code   RO          243    .text               etootle_mpu6050.o
    0x0800a8b0   0x00000c20   Code   RO          267    .text               etootle_parameter.o
    0x0800b4d0   0x00000858   Code   RO          285    .text               etootle_pid.o
    0x0800bd28   0x00000288   Code   RO          301    .text               etootle_sys.o
    0x0800bfb0   0x00000430   Code   RO          339    .text               stm32f10x_adc.o
    0x0800c3e0   0x00000240   Code   RO          411    .text               stm32f10x_dma.o
    0x0800c620   0x00000048   Code   RO          435    .text               stm32f10x_flash.o
    0x0800c668   0x00000330   Code   RO          459    .text               stm32f10x_gpio.o
    0x0800c998   0x000000ec   Code   RO          483    .text               stm32f10x_it.o
    0x0800ca84   0x000003d8   Code   RO          522    .text               stm32f10x_nvic.o
    0x0800ce5c   0x000003b0   Code   RO          546    .text               stm32f10x_rcc.o
    0x0800d20c   0x00000bac   Code   RO          609    .text               stm32f10x_tim.o
    0x0800ddb8   0x00000370   Code   RO          621    .text               stm32f10x_usart.o
    0x0800e128   0x0000007a   Code   RO          645    .text               cortexm3_macro.o
    0x0800e1a2   0x00000002   PAD
    0x0800e1a4   0x00000024   Code   RO          652    .text               stm32f10x_vector.o
    0x0800e1c8   0x00000006   Code   RO          661    .text               c_w.l(heapauxi.o)
    0x0800e1ce   0x00000016   Code   RO          742    .text               c_w.l(_rserrno.o)
    0x0800e1e4   0x00000008   Code   RO          818    .text               c_w.l(rt_errno_addr_intlibspace.o)
    0x0800e1ec   0x00000008   Code   RO          824    .text               c_w.l(libspace.o)
    0x0800e1f4   0x0000004a   Code   RO          827    .text               c_w.l(sys_stackheap_outer.o)
    0x0800e23e   0x0000000c   Code   RO          829    .text               c_w.l(exit.o)
    0x0800e24a   0x00000002   PAD
    0x0800e24c   0x0000000c   Code   RO          899    .text               c_w.l(sys_exit.o)
    0x0800e258   0x00000002   Code   RO          910    .text               c_w.l(use_no_semi.o)
    0x0800e25a   0x00000000   Code   RO          912    .text               c_w.l(indicate_semi.o)
    0x0800e25a   0x00000028   Code   RO          795    i.__ARM_fpclassify  m_ws.l(fpclassify.o)
    0x0800e282   0x000000aa   Code   RO          797    i.__kernel_poly     m_ws.l(poly.o)
    0x0800e32c   0x00000006   Code   RO          782    i.__mathlib_dbl_infnan  m_ws.l(dunder.o)
    0x0800e332   0x00000004   Code   RO          783    i.__mathlib_dbl_infnan2  m_ws.l(dunder.o)
    0x0800e336   0x0000000c   Code   RO          784    i.__mathlib_dbl_invalid  m_ws.l(dunder.o)
    0x0800e342   0x00000002   PAD
    0x0800e344   0x00000010   Code   RO          787    i.__mathlib_dbl_underflow  m_ws.l(dunder.o)
    0x0800e354   0x00000270   Code   RO          716    i.asin              m_ws.l(asin.o)
    0x0800e5c4   0x00000220   Code   RO          772    i.atan              m_ws.l(atan.o)
    0x0800e7e4   0x00000180   Code   RO          726    i.atan2             m_ws.l(atan2.o)
    0x0800e964   0x0000004c   Code   RO          734    i.sqrt              m_ws.l(sqrt.o)
    0x0800e9b0   0x00000062   Code   RO          665    x$fpl$d2f           fz_ws.l(d2f.o)
    0x0800ea12   0x00000002   PAD
    0x0800ea14   0x00000150   Code   RO          744    x$fpl$dadd          fz_ws.l(daddsub_clz.o)
    0x0800eb64   0x00000010   Code   RO          820    x$fpl$dcheck1       fz_ws.l(dcheck1.o)
    0x0800eb74   0x00000018   Code   RO          822    x$fpl$dcmpinf       fz_ws.l(dcmpi.o)
    0x0800eb8c   0x000002b0   Code   RO          751    x$fpl$ddiv          fz_ws.l(ddiv.o)
    0x0800ee3c   0x0000005a   Code   RO          667    x$fpl$dfixu         fz_ws.l(dfixu.o)
    0x0800ee96   0x0000002e   Code   RO          672    x$fpl$dflt          fz_ws.l(dflt_clz.o)
    0x0800eec4   0x00000078   Code   RO          754    x$fpl$dleqf         fz_ws.l(dleqf.o)
    0x0800ef3c   0x00000154   Code   RO          677    x$fpl$dmul          fz_ws.l(dmul.o)
    0x0800f090   0x0000009c   Code   RO          756    x$fpl$dnaninf       fz_ws.l(dnaninf.o)
    0x0800f12c   0x0000000c   Code   RO          758    x$fpl$dretinf       fz_ws.l(dretinf.o)
    0x0800f138   0x0000006c   Code   RO          679    x$fpl$drleqf        fz_ws.l(drleqf.o)
    0x0800f1a4   0x00000016   Code   RO          745    x$fpl$drsb          fz_ws.l(daddsub_clz.o)
    0x0800f1ba   0x00000002   PAD
    0x0800f1bc   0x000001cc   Code   RO          760    x$fpl$dsqrt         fz_ws.l(dsqrt_noumaal.o)
    0x0800f388   0x000001d4   Code   RO          746    x$fpl$dsub          fz_ws.l(daddsub_clz.o)
    0x0800f55c   0x00000056   Code   RO          681    x$fpl$f2d           fz_ws.l(f2d.o)
    0x0800f5b2   0x00000002   PAD
    0x0800f5b4   0x000000c4   Code   RO          683    x$fpl$fadd          fz_ws.l(faddsub_clz.o)
    0x0800f678   0x00000018   Code   RO          762    x$fpl$fcmpinf       fz_ws.l(fcmpi.o)
    0x0800f690   0x00000184   Code   RO          690    x$fpl$fdiv          fz_ws.l(fdiv.o)
    0x0800f814   0x00000068   Code   RO          693    x$fpl$feqf          fz_ws.l(feqf.o)
    0x0800f87c   0x00000036   Code   RO          695    x$fpl$ffix          fz_ws.l(ffix.o)
    0x0800f8b2   0x00000002   PAD
    0x0800f8b4   0x0000003e   Code   RO          699    x$fpl$ffixu         fz_ws.l(ffixu.o)
    0x0800f8f2   0x00000002   PAD
    0x0800f8f4   0x00000030   Code   RO          704    x$fpl$fflt          fz_ws.l(fflt_clz.o)
    0x0800f924   0x00000026   Code   RO          703    x$fpl$ffltu         fz_ws.l(fflt_clz.o)
    0x0800f94a   0x00000002   PAD
    0x0800f94c   0x00000068   Code   RO          709    x$fpl$fleqf         fz_ws.l(fleqf.o)
    0x0800f9b4   0x00000102   Code   RO          711    x$fpl$fmul          fz_ws.l(fmul.o)
    0x0800fab6   0x0000008c   Code   RO          764    x$fpl$fnaninf       fz_ws.l(fnaninf.o)
    0x0800fb42   0x0000000a   Code   RO          766    x$fpl$fretinf       fz_ws.l(fretinf.o)
    0x0800fb4c   0x00000062   Code   RO          713    x$fpl$frleqf        fz_ws.l(frleqf.o)
    0x0800fbae   0x00000014   Code   RO          684    x$fpl$frsb          fz_ws.l(faddsub_clz.o)
    0x0800fbc2   0x00000002   PAD
    0x0800fbc4   0x000000ea   Code   RO          685    x$fpl$fsub          fz_ws.l(faddsub_clz.o)
    0x0800fcae   0x00000064   Code   RO          837    x$fpl$retnan        fz_ws.l(retnan.o)
    0x0800fd12   0x0000005c   Code   RO          768    x$fpl$scalbn        fz_ws.l(scalbn.o)
    0x0800fd6e   0x00000030   Code   RO          886    x$fpl$trapveneer    fz_ws.l(trapv.o)
    0x0800fd9e   0x00000000   Code   RO          770    x$fpl$usenofp       fz_ws.l(usenofp.o)
    0x0800fd9e   0x00000014   Data   RO          547    .constdata          stm32f10x_rcc.o
    0x0800fdb2   0x00000006   PAD
    0x0800fdb8   0x00000050   Data   RO          717    .constdata          m_ws.l(asin.o)
    0x0800fe08   0x00000098   Data   RO          773    .constdata          m_ws.l(atan.o)
    0x0800fea0   0x00000008   Data   RO          799    .constdata          m_ws.l(qnan.o)
    0x0800fea8   0x00000020   Data   RO          964    Region$$Table       anon$$obj.o


    Execution Region RW_IRAM1 (Base: 0x20000000, Size: 0x000046b0, Max: 0x0000c000, ABSOLUTE, COMPRESSED[0x00000018])

    Base Addr    Size         Type   Attr      Idx    E Section Name        Object

    0x20000000   0x00000018   Data   RW            2    .data               etootle_main.o
    0x20000018   0x00000004   Data   RW          146    .data               etootle_adc.o
    0x2000001c   0x0000002a   Data   RW          166    .data               etootle_bluetooth.o
    0x20000046   0x00000002   PAD
    0x20000048   0x00000044   Data   RW          194    .data               etootle_imu.o
    0x2000008c   0x00000020   Data   RW          225    .data               etootle_motor.o
    0x200000ac   0x0000004c   Data   RW          244    .data               etootle_mpu6050.o
    0x200000f8   0x00000004   Data   RW          268    .data               etootle_parameter.o
    0x200000fc   0x00000098   Data   RW          286    .data               etootle_pid.o
    0x20000194   0x00000004   Data   RW          302    .data               etootle_sys.o
    0x20000198   0x00000008   Data   RW          548    .data               stm32f10x_rcc.o
    0x200001a0   0x000000b0   Zero   RW          165    .bss                etootle_bluetooth.o
    0x20000250   0x00000060   Zero   RW          825    .bss                c_w.l(libspace.o)
    0x200002b0   0x00000400   Zero   RW          650    HEAP                stm32f10x_vector.o
    0x200006b0   0x00004000   Zero   RW          649    STACK               stm32f10x_vector.o


==============================================================================

Image component sizes


      Code (inc. data)   RO Data    RW Data    ZI Data      Debug   Object Name

       122          0          0          0          0        432   cortexm3_macro.o
       400         52          0          4          0       2026   etootle_adc.o
      3916        680          0         42        176       8109   etootle_bluetooth.o
      1348         70          0         68          0       2482   etootle_imu.o
       208         10          0          0          0        926   etootle_led.o
      1188        174          0         24          0      87431   etootle_main.o
       968        112          0         32          0       3327   etootle_motor.o
      1896        132          0         76          0       7688   etootle_mpu6050.o
      3104        556          0          4          0       4877   etootle_parameter.o
      2136        284          0        152          0       2907   etootle_pid.o
       648         48          0          4          0       2930   etootle_sys.o
      1072         20          0          0          0      10609   stm32f10x_adc.o
       576         16          0          0          0       3503   stm32f10x_dma.o
        72          6          0          0          0        900   stm32f10x_flash.o
       816         18          0          0          0       5195   stm32f10x_gpio.o
       236         12          0          0          0       7608   stm32f10x_it.o
       984         30          0          0          0       7200   stm32f10x_nvic.o
       944         44         20          8          0       8816   stm32f10x_rcc.o
      2988         16          0          0          0      23628   stm32f10x_tim.o
       880         12          0          0          0       7719   stm32f10x_usart.o
        36         22        304          0      17408        420   stm32f10x_vector.o

    ----------------------------------------------------------------------
     24540       2314        362        416      17584     198733   Object Totals
         0          0         32          0          0          0   (incl. Generated)
         2          0          6          2          0          0   (incl. Padding)

    ----------------------------------------------------------------------

      Code (inc. data)   RO Data    RW Data    ZI Data      Debug   Library Member Name

        58          0          0          0          0          0   __dczerorl.o
         8          0          0          0          0         68   __main.o
         0          0          0          0          0          0   __rtentry.o
        12          0          0          0          0          0   __rtentry2.o
         6          0          0          0          0          0   __rtentry4.o
        52          8          0          0          0          0   __scatter.o
        28          0          0          0          0          0   __scatter_zi.o
        22          0          0          0          0        100   _rserrno.o
        12          0          0          0          0         72   exit.o
         6          0          0          0          0        152   heapauxi.o
         0          0          0          0          0          0   indicate_semi.o
         2          0          0          0          0          0   libinit.o
         2          0          0          0          0          0   libinit2.o
         2          0          0          0          0          0   libshutdown.o
         2          0          0          0          0          0   libshutdown2.o
         8          4          0          0         96         68   libspace.o
         8          4          0          0          0         68   rt_errno_addr_intlibspace.o
         2          0          0          0          0          0   rtexit.o
        10          0          0          0          0          0   rtexit2.o
        12          4          0          0          0         68   sys_exit.o
        74          0          0          0          0         80   sys_stackheap_outer.o
         2          0          0          0          0         68   use_no_semi.o
        98          4          0          0          0         92   d2f.o
       826         16          0          0          0        348   daddsub_clz.o
        16          4          0          0          0         68   dcheck1.o
        24          0          0          0          0         68   dcmpi.o
       688        140          0          0          0        208   ddiv.o
        90          4          0          0          0         92   dfixu.o
        46          0          0          0          0         68   dflt_clz.o
       120          4          0          0          0         92   dleqf.o
       340         12          0          0          0        104   dmul.o
       156          4          0          0          0         92   dnaninf.o
        12          0          0          0          0         68   dretinf.o
       108          0          0          0          0         80   drleqf.o
       460         56          0          0          0        120   dsqrt_noumaal.o
        86          4          0          0          0         84   f2d.o
       450          8          0          0          0        236   faddsub_clz.o
        24          0          0          0          0         68   fcmpi.o
       388         76          0          0          0         96   fdiv.o
       104          4          0          0          0         84   feqf.o
        54          4          0          0          0         84   ffix.o
        62          4          0          0          0         84   ffixu.o
        86          0          0          0          0        136   fflt_clz.o
       104          4          0          0          0         84   fleqf.o
       258          4          0          0          0         84   fmul.o
       140          4          0          0          0         84   fnaninf.o
        10          0          0          0          0         68   fretinf.o
        98          0          0          0          0         68   frleqf.o
       100          0          0          0          0         68   retnan.o
        92          0          0          0          0         68   scalbn.o
        48          0          0          0          0         68   trapv.o
         0          0          0          0          0          0   usenofp.o
       624         52         80          0          0        168   asin.o
       544         70        152          0          0        124   atan.o
       384         38          0          0          0        144   atan2.o
        38          6          0          0          0        272   dunder.o
        40          0          0          0          0         68   fpclassify.o
       170          0          0          0          0         96   poly.o
         0          0          8          0          0          0   qnan.o
        76          0          0          0          0         84   sqrt.o

    ----------------------------------------------------------------------
      7314        542        240          0         96       4664   Library Totals
        22          0          0          0          0          0   (incl. Padding)

    ----------------------------------------------------------------------

      Code (inc. data)   RO Data    RW Data    ZI Data      Debug   Library Name

       328         20          0          0         96        744   c_w.l
      5088        356          0          0          0       2964   fz_ws.l
      1876        166        240          0          0        956   m_ws.l

    ----------------------------------------------------------------------
      7314        542        240          0         96       4664   Library Totals

    ----------------------------------------------------------------------

==============================================================================


      Code (inc. data)   RO Data    RW Data    ZI Data      Debug   

     31854       2856        602        416      17680     199077   Grand Totals
     31854       2856        602         24      17680     199077   ELF Image Totals (compressed)
     31854       2856        602         24          0          0   ROM Totals

==============================================================================

    Total RO  Size (Code + RO Data)                32456 (  31.70kB)
    Total RW  Size (RW Data + ZI Data)             18096 (  17.67kB)
    Total ROM Size (Code + RO Data + RW Data)      32480 (  31.72kB)

==============================================================================

